Archive member included to satisfy reference by file (symbol)

/Applications/microchip/xc8/v2.41/avr/bin/../lib/gcc/avr/5.4.0/avr5/memx-const/libgcc.a(_tablejump2.o)
                              build/default/production/tft.o (__tablejump2__)
/Applications/microchip/xc8/v2.41/avr/bin/../lib/gcc/avr/5.4.0/avr5/memx-const/libgcc.a(_copy_data.o)
                              build/default/production/tft.o (__do_copy_data)
/Applications/microchip/xc8/v2.41/avr/bin/../lib/gcc/avr/5.4.0/avr5/memx-const/libgcc.a(_xload_2.o)
                              build/default/production/tft.o (__xload_2)
/Applications/microchip/xc8/v2.41/avr/bin/../lib/gcc/avr/5.4.0/../../../../avr/lib/avr5/memx-const/libc.a(exit.o)
                              /Applications/microchip/mplabx/v6.05/packs/Microchip/ATmega_DFP/3.0.158/xc8/avr/lib/avr5/memx-const/crtatmega328p.o (exit)
/Applications/microchip/xc8/v2.41/avr/bin/../lib/gcc/avr/5.4.0/../../../../avr/lib/avr5/memx-const/libc.a(__sio_sprintf_doux.o)
                              build/default/production/main.o (_sprintf_cdopuxX)
/Applications/microchip/xc8/v2.41/avr/bin/../lib/gcc/avr/5.4.0/../../../../avr/lib/avr5/memx-const/libc.a(__fmt_d.o)
                              /Applications/microchip/xc8/v2.41/avr/bin/../lib/gcc/avr/5.4.0/../../../../avr/lib/avr5/memx-const/libc.a(__sio_sprintf_doux.o) (__fmt_d_needed)
/Applications/microchip/xc8/v2.41/avr/bin/../lib/gcc/avr/5.4.0/../../../../avr/lib/avr5/memx-const/libc.a(__fmt_o.o)
                              /Applications/microchip/xc8/v2.41/avr/bin/../lib/gcc/avr/5.4.0/../../../../avr/lib/avr5/memx-const/libc.a(__sio_sprintf_doux.o) (__fmt_o_needed)
/Applications/microchip/xc8/v2.41/avr/bin/../lib/gcc/avr/5.4.0/../../../../avr/lib/avr5/memx-const/libc.a(__fmt_s.o)
                              /Applications/microchip/xc8/v2.41/avr/bin/../lib/gcc/avr/5.4.0/../../../../avr/lib/avr5/memx-const/libc.a(__sio_sprintf_doux.o) (__fmt_s_needed)
/Applications/microchip/xc8/v2.41/avr/bin/../lib/gcc/avr/5.4.0/../../../../avr/lib/avr5/memx-const/libc.a(__fmt_u.o)
                              /Applications/microchip/xc8/v2.41/avr/bin/../lib/gcc/avr/5.4.0/../../../../avr/lib/avr5/memx-const/libc.a(__fmt_d.o) (__cvt_u)
/Applications/microchip/xc8/v2.41/avr/bin/../lib/gcc/avr/5.4.0/../../../../avr/lib/avr5/memx-const/libc.a(__fmt_x.o)
                              /Applications/microchip/xc8/v2.41/avr/bin/../lib/gcc/avr/5.4.0/../../../../avr/lib/avr5/memx-const/libc.a(__sio_sprintf_doux.o) (__fmt_x_needed)
/Applications/microchip/xc8/v2.41/avr/bin/../lib/gcc/avr/5.4.0/../../../../avr/lib/avr5/memx-const/libc.a(__pop_int.o)
                              /Applications/microchip/xc8/v2.41/avr/bin/../lib/gcc/avr/5.4.0/../../../../avr/lib/avr5/memx-const/libc.a(__sio_sprintf_doux.o) (__pop_int_needed)
/Applications/microchip/xc8/v2.41/avr/bin/../lib/gcc/avr/5.4.0/../../../../avr/lib/avr5/memx-const/libc.a(__printf_core.o)
                              /Applications/microchip/xc8/v2.41/avr/bin/../lib/gcc/avr/5.4.0/../../../../avr/lib/avr5/memx-const/libc.a(__fmt_d.o) (__pad)
/Applications/microchip/xc8/v2.41/avr/bin/../lib/gcc/avr/5.4.0/../../../../avr/lib/avr5/memx-const/libc.a(fputc.o)
                              /Applications/microchip/xc8/v2.41/avr/bin/../lib/gcc/avr/5.4.0/../../../../avr/lib/avr5/memx-const/libc.a(__printf_core.o) (fputc)
/Applications/microchip/xc8/v2.41/avr/bin/../lib/gcc/avr/5.4.0/../../../../avr/lib/avr5/memx-const/libc.a(strcmp.o)
                              build/default/production/uart.o (strcmp)
/Applications/microchip/xc8/v2.41/avr/bin/../lib/gcc/avr/5.4.0/../../../../avr/lib/avr5/memx-const/libc.a(strlen.o)
                              /Applications/microchip/xc8/v2.41/avr/bin/../lib/gcc/avr/5.4.0/../../../../avr/lib/avr5/memx-const/libc.a(__fmt_s.o) (strlen)
/Applications/microchip/xc8/v2.41/avr/bin/../lib/gcc/avr/5.4.0/../../../../avr/lib/avr5/memx-const/libc.a(tolower.o)
                              /Applications/microchip/xc8/v2.41/avr/bin/../lib/gcc/avr/5.4.0/../../../../avr/lib/avr5/memx-const/libc.a(__printf_core.o) (tolower)
/Applications/microchip/xc8/v2.41/avr/bin/../lib/gcc/avr/5.4.0/../../../../avr/lib/avr5/memx-const/libc.a(toupper.o)
                              /Applications/microchip/xc8/v2.41/avr/bin/../lib/gcc/avr/5.4.0/../../../../avr/lib/avr5/memx-const/libc.a(__fmt_x.o) (toupper)
/Applications/microchip/xc8/v2.41/avr/bin/../lib/gcc/avr/5.4.0/../../../../avr/lib/avr5/memx-const/libc.a(errno.o)
                              /Applications/microchip/xc8/v2.41/avr/bin/../lib/gcc/avr/5.4.0/../../../../avr/lib/avr5/memx-const/libc.a(__printf_core.o) (__errno_val)
/Applications/microchip/xc8/v2.41/avr/bin/../lib/gcc/avr/5.4.0/../../../../avr/lib/avr5/memx-const/libc.a(_Exit.o)
                              /Applications/microchip/xc8/v2.41/avr/bin/../lib/gcc/avr/5.4.0/../../../../avr/lib/avr5/memx-const/libc.a(exit.o) (_Exit)
/Applications/microchip/xc8/v2.41/avr/bin/../lib/gcc/avr/5.4.0/../../../../avr/lib/avr5/memx-const/libc.a(__int_vsprintf.o)
                              /Applications/microchip/xc8/v2.41/avr/bin/../lib/gcc/avr/5.4.0/../../../../avr/lib/avr5/memx-const/libc.a(__sio_sprintf_doux.o) (__vsprintf)
/Applications/microchip/xc8/v2.41/avr/bin/../lib/gcc/avr/5.4.0/../../../../avr/lib/avr5/memx-const/libc.a(__int_vsnprintf.o)
                              /Applications/microchip/xc8/v2.41/avr/bin/../lib/gcc/avr/5.4.0/../../../../avr/lib/avr5/memx-const/libc.a(__int_vsprintf.o) (__vsnprintf)
/Applications/microchip/xc8/v2.41/avr/bin/../lib/gcc/avr/5.4.0/../../../../avr/lib/avr5/memx-const/libc.a(__int_vfprintf.o)
                              /Applications/microchip/xc8/v2.41/avr/bin/../lib/gcc/avr/5.4.0/../../../../avr/lib/avr5/memx-const/libc.a(__int_vsnprintf.o) (__vfprintf)
/Applications/microchip/xc8/v2.41/avr/bin/../lib/gcc/avr/5.4.0/avr5/memx-const/libgcc.a(_udivmodsi4.o)
                              /Applications/microchip/xc8/v2.41/avr/bin/../lib/gcc/avr/5.4.0/../../../../avr/lib/avr5/memx-const/libc.a(__fmt_u.o) (__udivmodsi4)
/Applications/microchip/xc8/v2.41/avr/bin/../lib/gcc/avr/5.4.0/avr5/memx-const/libgcc.a(_exit.o)
                              /Applications/microchip/xc8/v2.41/avr/bin/../lib/gcc/avr/5.4.0/../../../../avr/lib/avr5/memx-const/libc.a(_Exit.o) (_exit)
/Applications/microchip/xc8/v2.41/avr/bin/../lib/gcc/avr/5.4.0/avr5/memx-const/libgcc.a(_prologue.o)
                              /Applications/microchip/xc8/v2.41/avr/bin/../lib/gcc/avr/5.4.0/../../../../avr/lib/avr5/memx-const/libc.a(__sio_sprintf_doux.o) (__prologue_saves__)
/Applications/microchip/xc8/v2.41/avr/bin/../lib/gcc/avr/5.4.0/avr5/memx-const/libgcc.a(_epilogue.o)
                              /Applications/microchip/xc8/v2.41/avr/bin/../lib/gcc/avr/5.4.0/../../../../avr/lib/avr5/memx-const/libc.a(__sio_sprintf_doux.o) (__epilogue_restores__)

Allocating common symbols
Common symbol       size              file

__errno_val         0x2               /Applications/microchip/xc8/v2.41/avr/bin/../lib/gcc/avr/5.4.0/../../../../avr/lib/avr5/memx-const/libc.a(errno.o)

Discarded input sections

 .data          0x0000000000000000        0x0 /Applications/microchip/mplabx/v6.05/packs/Microchip/ATmega_DFP/3.0.158/xc8/avr/lib/avr5/memx-const/crtatmega328p.o
 .bss           0x0000000000000000        0x0 /Applications/microchip/mplabx/v6.05/packs/Microchip/ATmega_DFP/3.0.158/xc8/avr/lib/avr5/memx-const/crtatmega328p.o
 .text          0x0000000000000000        0x0 build/default/production/main.o
 .data          0x0000000000000000        0x0 build/default/production/main.o
 .bss           0x0000000000000000        0x0 build/default/production/main.o
 .text          0x0000000000000000        0x0 build/default/production/dht11.o
 .data          0x0000000000000000        0x0 build/default/production/dht11.o
 .bss           0x0000000000000000        0x0 build/default/production/dht11.o
 .text          0x0000000000000000        0x0 build/default/production/buzzer.o
 .data          0x0000000000000000        0x0 build/default/production/buzzer.o
 .bss           0x0000000000000000        0x0 build/default/production/buzzer.o
 .text          0x0000000000000000        0x0 build/default/production/button.o
 .data          0x0000000000000000        0x0 build/default/production/button.o
 .bss           0x0000000000000000        0x0 build/default/production/button.o
 .text          0x0000000000000000        0x0 build/default/production/timer1.o
 .data          0x0000000000000000        0x0 build/default/production/timer1.o
 .bss           0x0000000000000000        0x0 build/default/production/timer1.o
 .text          0x0000000000000000        0x0 build/default/production/tft.o
 .data          0x0000000000000000        0x0 build/default/production/tft.o
 .bss           0x0000000000000000        0x0 build/default/production/tft.o
 .text          0x0000000000000000        0x0 build/default/production/uart.o
 .data          0x0000000000000000        0x0 build/default/production/uart.o
 .bss           0x0000000000000000        0x0 build/default/production/uart.o
 .text          0x0000000000000000        0x0 /Applications/microchip/xc8/v2.41/avr/bin/../lib/gcc/avr/5.4.0/avr5/memx-const/libgcc.a(_tablejump2.o)
 .data          0x0000000000000000        0x0 /Applications/microchip/xc8/v2.41/avr/bin/../lib/gcc/avr/5.4.0/avr5/memx-const/libgcc.a(_tablejump2.o)
 .bss           0x0000000000000000        0x0 /Applications/microchip/xc8/v2.41/avr/bin/../lib/gcc/avr/5.4.0/avr5/memx-const/libgcc.a(_tablejump2.o)
 .text.libgcc.mul
                0x0000000000000000        0x0 /Applications/microchip/xc8/v2.41/avr/bin/../lib/gcc/avr/5.4.0/avr5/memx-const/libgcc.a(_tablejump2.o)
 .text.libgcc.div
                0x0000000000000000        0x0 /Applications/microchip/xc8/v2.41/avr/bin/../lib/gcc/avr/5.4.0/avr5/memx-const/libgcc.a(_tablejump2.o)
 .text.libgcc.prologue
                0x0000000000000000        0x0 /Applications/microchip/xc8/v2.41/avr/bin/../lib/gcc/avr/5.4.0/avr5/memx-const/libgcc.a(_tablejump2.o)
 .stack.descriptors
                0x0000000000000000       0x1c /Applications/microchip/xc8/v2.41/avr/bin/../lib/gcc/avr/5.4.0/avr5/memx-const/libgcc.a(_tablejump2.o)
 .text.libgcc.builtins
                0x0000000000000000        0x0 /Applications/microchip/xc8/v2.41/avr/bin/../lib/gcc/avr/5.4.0/avr5/memx-const/libgcc.a(_tablejump2.o)
 .text.libgcc.fmul
                0x0000000000000000        0x0 /Applications/microchip/xc8/v2.41/avr/bin/../lib/gcc/avr/5.4.0/avr5/memx-const/libgcc.a(_tablejump2.o)
 .text.libgcc.fixed
                0x0000000000000000        0x0 /Applications/microchip/xc8/v2.41/avr/bin/../lib/gcc/avr/5.4.0/avr5/memx-const/libgcc.a(_tablejump2.o)
 .text          0x0000000000000000        0x0 /Applications/microchip/xc8/v2.41/avr/bin/../lib/gcc/avr/5.4.0/avr5/memx-const/libgcc.a(_copy_data.o)
 .data          0x0000000000000000        0x0 /Applications/microchip/xc8/v2.41/avr/bin/../lib/gcc/avr/5.4.0/avr5/memx-const/libgcc.a(_copy_data.o)
 .bss           0x0000000000000000        0x0 /Applications/microchip/xc8/v2.41/avr/bin/../lib/gcc/avr/5.4.0/avr5/memx-const/libgcc.a(_copy_data.o)
 .text.libgcc.mul
                0x0000000000000000        0x0 /Applications/microchip/xc8/v2.41/avr/bin/../lib/gcc/avr/5.4.0/avr5/memx-const/libgcc.a(_copy_data.o)
 .text.libgcc.div
                0x0000000000000000        0x0 /Applications/microchip/xc8/v2.41/avr/bin/../lib/gcc/avr/5.4.0/avr5/memx-const/libgcc.a(_copy_data.o)
 .text.libgcc   0x0000000000000000        0x0 /Applications/microchip/xc8/v2.41/avr/bin/../lib/gcc/avr/5.4.0/avr5/memx-const/libgcc.a(_copy_data.o)
 .text.libgcc.prologue
                0x0000000000000000        0x0 /Applications/microchip/xc8/v2.41/avr/bin/../lib/gcc/avr/5.4.0/avr5/memx-const/libgcc.a(_copy_data.o)
 .text.libgcc.builtins
                0x0000000000000000        0x0 /Applications/microchip/xc8/v2.41/avr/bin/../lib/gcc/avr/5.4.0/avr5/memx-const/libgcc.a(_copy_data.o)
 .text.libgcc.fmul
                0x0000000000000000        0x0 /Applications/microchip/xc8/v2.41/avr/bin/../lib/gcc/avr/5.4.0/avr5/memx-const/libgcc.a(_copy_data.o)
 .text.libgcc.fixed
                0x0000000000000000        0x0 /Applications/microchip/xc8/v2.41/avr/bin/../lib/gcc/avr/5.4.0/avr5/memx-const/libgcc.a(_copy_data.o)
 .text          0x0000000000000000        0x0 /Applications/microchip/xc8/v2.41/avr/bin/../lib/gcc/avr/5.4.0/avr5/memx-const/libgcc.a(_xload_2.o)
 .data          0x0000000000000000        0x0 /Applications/microchip/xc8/v2.41/avr/bin/../lib/gcc/avr/5.4.0/avr5/memx-const/libgcc.a(_xload_2.o)
 .bss           0x0000000000000000        0x0 /Applications/microchip/xc8/v2.41/avr/bin/../lib/gcc/avr/5.4.0/avr5/memx-const/libgcc.a(_xload_2.o)
 .text.libgcc.mul
                0x0000000000000000        0x0 /Applications/microchip/xc8/v2.41/avr/bin/../lib/gcc/avr/5.4.0/avr5/memx-const/libgcc.a(_xload_2.o)
 .text.libgcc.div
                0x0000000000000000        0x0 /Applications/microchip/xc8/v2.41/avr/bin/../lib/gcc/avr/5.4.0/avr5/memx-const/libgcc.a(_xload_2.o)
 .text.libgcc.prologue
                0x0000000000000000        0x0 /Applications/microchip/xc8/v2.41/avr/bin/../lib/gcc/avr/5.4.0/avr5/memx-const/libgcc.a(_xload_2.o)
 .stack.descriptors
                0x0000000000000000       0x17 /Applications/microchip/xc8/v2.41/avr/bin/../lib/gcc/avr/5.4.0/avr5/memx-const/libgcc.a(_xload_2.o)
 .text.libgcc.builtins
                0x0000000000000000        0x0 /Applications/microchip/xc8/v2.41/avr/bin/../lib/gcc/avr/5.4.0/avr5/memx-const/libgcc.a(_xload_2.o)
 .text.libgcc.fmul
                0x0000000000000000        0x0 /Applications/microchip/xc8/v2.41/avr/bin/../lib/gcc/avr/5.4.0/avr5/memx-const/libgcc.a(_xload_2.o)
 .text.libgcc.fixed
                0x0000000000000000        0x0 /Applications/microchip/xc8/v2.41/avr/bin/../lib/gcc/avr/5.4.0/avr5/memx-const/libgcc.a(_xload_2.o)
 .text          0x0000000000000000        0x0 /Applications/microchip/xc8/v2.41/avr/bin/../lib/gcc/avr/5.4.0/../../../../avr/lib/avr5/memx-const/libc.a(exit.o)
 .data          0x0000000000000000        0x0 /Applications/microchip/xc8/v2.41/avr/bin/../lib/gcc/avr/5.4.0/../../../../avr/lib/avr5/memx-const/libc.a(exit.o)
 .bss           0x0000000000000000        0x0 /Applications/microchip/xc8/v2.41/avr/bin/../lib/gcc/avr/5.4.0/../../../../avr/lib/avr5/memx-const/libc.a(exit.o)
 .stack.descriptors
                0x0000000000000000       0x73 /Applications/microchip/xc8/v2.41/avr/bin/../lib/gcc/avr/5.4.0/../../../../avr/lib/avr5/memx-const/libc.a(exit.o)
 .text          0x0000000000000000        0x0 /Applications/microchip/xc8/v2.41/avr/bin/../lib/gcc/avr/5.4.0/../../../../avr/lib/avr5/memx-const/libc.a(__sio_sprintf_doux.o)
 .data          0x0000000000000000        0x0 /Applications/microchip/xc8/v2.41/avr/bin/../lib/gcc/avr/5.4.0/../../../../avr/lib/avr5/memx-const/libc.a(__sio_sprintf_doux.o)
 .bss           0x0000000000000000        0x0 /Applications/microchip/xc8/v2.41/avr/bin/../lib/gcc/avr/5.4.0/../../../../avr/lib/avr5/memx-const/libc.a(__sio_sprintf_doux.o)
 .stack.descriptors
                0x0000000000000000       0x3c /Applications/microchip/xc8/v2.41/avr/bin/../lib/gcc/avr/5.4.0/../../../../avr/lib/avr5/memx-const/libc.a(__sio_sprintf_doux.o)
 .text.__sio_sprintf_doux
                0x0000000000000000       0x1a /Applications/microchip/xc8/v2.41/avr/bin/../lib/gcc/avr/5.4.0/../../../../avr/lib/avr5/memx-const/libc.a(__sio_sprintf_doux.o)
 .text          0x0000000000000000        0x0 /Applications/microchip/xc8/v2.41/avr/bin/../lib/gcc/avr/5.4.0/../../../../avr/lib/avr5/memx-const/libc.a(__fmt_d.o)
 .data          0x0000000000000000        0x0 /Applications/microchip/xc8/v2.41/avr/bin/../lib/gcc/avr/5.4.0/../../../../avr/lib/avr5/memx-const/libc.a(__fmt_d.o)
 .bss           0x0000000000000000        0x0 /Applications/microchip/xc8/v2.41/avr/bin/../lib/gcc/avr/5.4.0/../../../../avr/lib/avr5/memx-const/libc.a(__fmt_d.o)
 .stack.descriptors
                0x0000000000000000       0x15 /Applications/microchip/xc8/v2.41/avr/bin/../lib/gcc/avr/5.4.0/../../../../avr/lib/avr5/memx-const/libc.a(__fmt_d.o)
 .text          0x0000000000000000        0x0 /Applications/microchip/xc8/v2.41/avr/bin/../lib/gcc/avr/5.4.0/../../../../avr/lib/avr5/memx-const/libc.a(__fmt_o.o)
 .data          0x0000000000000000        0x0 /Applications/microchip/xc8/v2.41/avr/bin/../lib/gcc/avr/5.4.0/../../../../avr/lib/avr5/memx-const/libc.a(__fmt_o.o)
 .bss           0x0000000000000000        0x0 /Applications/microchip/xc8/v2.41/avr/bin/../lib/gcc/avr/5.4.0/../../../../avr/lib/avr5/memx-const/libc.a(__fmt_o.o)
 .stack.descriptors
                0x0000000000000000       0x15 /Applications/microchip/xc8/v2.41/avr/bin/../lib/gcc/avr/5.4.0/../../../../avr/lib/avr5/memx-const/libc.a(__fmt_o.o)
 .text          0x0000000000000000        0x0 /Applications/microchip/xc8/v2.41/avr/bin/../lib/gcc/avr/5.4.0/../../../../avr/lib/avr5/memx-const/libc.a(__fmt_s.o)
 .data          0x0000000000000000        0x0 /Applications/microchip/xc8/v2.41/avr/bin/../lib/gcc/avr/5.4.0/../../../../avr/lib/avr5/memx-const/libc.a(__fmt_s.o)
 .bss           0x0000000000000000        0x0 /Applications/microchip/xc8/v2.41/avr/bin/../lib/gcc/avr/5.4.0/../../../../avr/lib/avr5/memx-const/libc.a(__fmt_s.o)
 .stack.descriptors
                0x0000000000000000       0x15 /Applications/microchip/xc8/v2.41/avr/bin/../lib/gcc/avr/5.4.0/../../../../avr/lib/avr5/memx-const/libc.a(__fmt_s.o)
 .text          0x0000000000000000        0x0 /Applications/microchip/xc8/v2.41/avr/bin/../lib/gcc/avr/5.4.0/../../../../avr/lib/avr5/memx-const/libc.a(__fmt_u.o)
 .data          0x0000000000000000        0x0 /Applications/microchip/xc8/v2.41/avr/bin/../lib/gcc/avr/5.4.0/../../../../avr/lib/avr5/memx-const/libc.a(__fmt_u.o)
 .bss           0x0000000000000000        0x0 /Applications/microchip/xc8/v2.41/avr/bin/../lib/gcc/avr/5.4.0/../../../../avr/lib/avr5/memx-const/libc.a(__fmt_u.o)
 .stack.descriptors
                0x0000000000000000       0x2a /Applications/microchip/xc8/v2.41/avr/bin/../lib/gcc/avr/5.4.0/../../../../avr/lib/avr5/memx-const/libc.a(__fmt_u.o)
 .text          0x0000000000000000        0x0 /Applications/microchip/xc8/v2.41/avr/bin/../lib/gcc/avr/5.4.0/../../../../avr/lib/avr5/memx-const/libc.a(__fmt_x.o)
 .data          0x0000000000000000        0x0 /Applications/microchip/xc8/v2.41/avr/bin/../lib/gcc/avr/5.4.0/../../../../avr/lib/avr5/memx-const/libc.a(__fmt_x.o)
 .bss           0x0000000000000000        0x0 /Applications/microchip/xc8/v2.41/avr/bin/../lib/gcc/avr/5.4.0/../../../../avr/lib/avr5/memx-const/libc.a(__fmt_x.o)
 .stack.descriptors
                0x0000000000000000       0x15 /Applications/microchip/xc8/v2.41/avr/bin/../lib/gcc/avr/5.4.0/../../../../avr/lib/avr5/memx-const/libc.a(__fmt_x.o)
 .text          0x0000000000000000        0x0 /Applications/microchip/xc8/v2.41/avr/bin/../lib/gcc/avr/5.4.0/../../../../avr/lib/avr5/memx-const/libc.a(__pop_int.o)
 .data          0x0000000000000000        0x0 /Applications/microchip/xc8/v2.41/avr/bin/../lib/gcc/avr/5.4.0/../../../../avr/lib/avr5/memx-const/libc.a(__pop_int.o)
 .bss           0x0000000000000000        0x0 /Applications/microchip/xc8/v2.41/avr/bin/../lib/gcc/avr/5.4.0/../../../../avr/lib/avr5/memx-const/libc.a(__pop_int.o)
 .stack.descriptors
                0x0000000000000000       0x17 /Applications/microchip/xc8/v2.41/avr/bin/../lib/gcc/avr/5.4.0/../../../../avr/lib/avr5/memx-const/libc.a(__pop_int.o)
 .text          0x0000000000000000        0x0 /Applications/microchip/xc8/v2.41/avr/bin/../lib/gcc/avr/5.4.0/../../../../avr/lib/avr5/memx-const/libc.a(__printf_core.o)
 .data          0x0000000000000000        0x0 /Applications/microchip/xc8/v2.41/avr/bin/../lib/gcc/avr/5.4.0/../../../../avr/lib/avr5/memx-const/libc.a(__printf_core.o)
 .bss           0x0000000000000000        0x0 /Applications/microchip/xc8/v2.41/avr/bin/../lib/gcc/avr/5.4.0/../../../../avr/lib/avr5/memx-const/libc.a(__printf_core.o)
 .stack.descriptors
                0x0000000000000000       0x91 /Applications/microchip/xc8/v2.41/avr/bin/../lib/gcc/avr/5.4.0/../../../../avr/lib/avr5/memx-const/libc.a(__printf_core.o)
 .text          0x0000000000000000        0x0 /Applications/microchip/xc8/v2.41/avr/bin/../lib/gcc/avr/5.4.0/../../../../avr/lib/avr5/memx-const/libc.a(fputc.o)
 .data          0x0000000000000000        0x0 /Applications/microchip/xc8/v2.41/avr/bin/../lib/gcc/avr/5.4.0/../../../../avr/lib/avr5/memx-const/libc.a(fputc.o)
 .bss           0x0000000000000000        0x0 /Applications/microchip/xc8/v2.41/avr/bin/../lib/gcc/avr/5.4.0/../../../../avr/lib/avr5/memx-const/libc.a(fputc.o)
 .stack.descriptors
                0x0000000000000000       0x13 /Applications/microchip/xc8/v2.41/avr/bin/../lib/gcc/avr/5.4.0/../../../../avr/lib/avr5/memx-const/libc.a(fputc.o)
 .text          0x0000000000000000        0x0 /Applications/microchip/xc8/v2.41/avr/bin/../lib/gcc/avr/5.4.0/../../../../avr/lib/avr5/memx-const/libc.a(strcmp.o)
 .data          0x0000000000000000        0x0 /Applications/microchip/xc8/v2.41/avr/bin/../lib/gcc/avr/5.4.0/../../../../avr/lib/avr5/memx-const/libc.a(strcmp.o)
 .bss           0x0000000000000000        0x0 /Applications/microchip/xc8/v2.41/avr/bin/../lib/gcc/avr/5.4.0/../../../../avr/lib/avr5/memx-const/libc.a(strcmp.o)
 .stack.descriptors
                0x0000000000000000       0x14 /Applications/microchip/xc8/v2.41/avr/bin/../lib/gcc/avr/5.4.0/../../../../avr/lib/avr5/memx-const/libc.a(strcmp.o)
 .text          0x0000000000000000        0x0 /Applications/microchip/xc8/v2.41/avr/bin/../lib/gcc/avr/5.4.0/../../../../avr/lib/avr5/memx-const/libc.a(strlen.o)
 .data          0x0000000000000000        0x0 /Applications/microchip/xc8/v2.41/avr/bin/../lib/gcc/avr/5.4.0/../../../../avr/lib/avr5/memx-const/libc.a(strlen.o)
 .bss           0x0000000000000000        0x0 /Applications/microchip/xc8/v2.41/avr/bin/../lib/gcc/avr/5.4.0/../../../../avr/lib/avr5/memx-const/libc.a(strlen.o)
 .stack.descriptors
                0x0000000000000000       0x14 /Applications/microchip/xc8/v2.41/avr/bin/../lib/gcc/avr/5.4.0/../../../../avr/lib/avr5/memx-const/libc.a(strlen.o)
 .text          0x0000000000000000        0x0 /Applications/microchip/xc8/v2.41/avr/bin/../lib/gcc/avr/5.4.0/../../../../avr/lib/avr5/memx-const/libc.a(tolower.o)
 .data          0x0000000000000000        0x0 /Applications/microchip/xc8/v2.41/avr/bin/../lib/gcc/avr/5.4.0/../../../../avr/lib/avr5/memx-const/libc.a(tolower.o)
 .bss           0x0000000000000000        0x0 /Applications/microchip/xc8/v2.41/avr/bin/../lib/gcc/avr/5.4.0/../../../../avr/lib/avr5/memx-const/libc.a(tolower.o)
 .stack.descriptors
                0x0000000000000000       0x2e /Applications/microchip/xc8/v2.41/avr/bin/../lib/gcc/avr/5.4.0/../../../../avr/lib/avr5/memx-const/libc.a(tolower.o)
 .text.__tolower_l
                0x0000000000000000        0x6 /Applications/microchip/xc8/v2.41/avr/bin/../lib/gcc/avr/5.4.0/../../../../avr/lib/avr5/memx-const/libc.a(tolower.o)
 .text          0x0000000000000000        0x0 /Applications/microchip/xc8/v2.41/avr/bin/../lib/gcc/avr/5.4.0/../../../../avr/lib/avr5/memx-const/libc.a(toupper.o)
 .data          0x0000000000000000        0x0 /Applications/microchip/xc8/v2.41/avr/bin/../lib/gcc/avr/5.4.0/../../../../avr/lib/avr5/memx-const/libc.a(toupper.o)
 .bss           0x0000000000000000        0x0 /Applications/microchip/xc8/v2.41/avr/bin/../lib/gcc/avr/5.4.0/../../../../avr/lib/avr5/memx-const/libc.a(toupper.o)
 .stack.descriptors
                0x0000000000000000       0x2e /Applications/microchip/xc8/v2.41/avr/bin/../lib/gcc/avr/5.4.0/../../../../avr/lib/avr5/memx-const/libc.a(toupper.o)
 .text.__toupper_l
                0x0000000000000000        0x6 /Applications/microchip/xc8/v2.41/avr/bin/../lib/gcc/avr/5.4.0/../../../../avr/lib/avr5/memx-const/libc.a(toupper.o)
 .text          0x0000000000000000        0x0 /Applications/microchip/xc8/v2.41/avr/bin/../lib/gcc/avr/5.4.0/../../../../avr/lib/avr5/memx-const/libc.a(errno.o)
 .data          0x0000000000000000        0x0 /Applications/microchip/xc8/v2.41/avr/bin/../lib/gcc/avr/5.4.0/../../../../avr/lib/avr5/memx-const/libc.a(errno.o)
 .bss           0x0000000000000000        0x0 /Applications/microchip/xc8/v2.41/avr/bin/../lib/gcc/avr/5.4.0/../../../../avr/lib/avr5/memx-const/libc.a(errno.o)
 .text          0x0000000000000000        0x0 /Applications/microchip/xc8/v2.41/avr/bin/../lib/gcc/avr/5.4.0/../../../../avr/lib/avr5/memx-const/libc.a(_Exit.o)
 .data          0x0000000000000000        0x0 /Applications/microchip/xc8/v2.41/avr/bin/../lib/gcc/avr/5.4.0/../../../../avr/lib/avr5/memx-const/libc.a(_Exit.o)
 .bss           0x0000000000000000        0x0 /Applications/microchip/xc8/v2.41/avr/bin/../lib/gcc/avr/5.4.0/../../../../avr/lib/avr5/memx-const/libc.a(_Exit.o)
 .stack.descriptors
                0x0000000000000000       0x13 /Applications/microchip/xc8/v2.41/avr/bin/../lib/gcc/avr/5.4.0/../../../../avr/lib/avr5/memx-const/libc.a(_Exit.o)
 .text          0x0000000000000000        0x0 /Applications/microchip/xc8/v2.41/avr/bin/../lib/gcc/avr/5.4.0/../../../../avr/lib/avr5/memx-const/libc.a(__int_vsprintf.o)
 .data          0x0000000000000000        0x0 /Applications/microchip/xc8/v2.41/avr/bin/../lib/gcc/avr/5.4.0/../../../../avr/lib/avr5/memx-const/libc.a(__int_vsprintf.o)
 .bss           0x0000000000000000        0x0 /Applications/microchip/xc8/v2.41/avr/bin/../lib/gcc/avr/5.4.0/../../../../avr/lib/avr5/memx-const/libc.a(__int_vsprintf.o)
 .stack.descriptors
                0x0000000000000000       0x18 /Applications/microchip/xc8/v2.41/avr/bin/../lib/gcc/avr/5.4.0/../../../../avr/lib/avr5/memx-const/libc.a(__int_vsprintf.o)
 .text          0x0000000000000000        0x0 /Applications/microchip/xc8/v2.41/avr/bin/../lib/gcc/avr/5.4.0/../../../../avr/lib/avr5/memx-const/libc.a(__int_vsnprintf.o)
 .data          0x0000000000000000        0x0 /Applications/microchip/xc8/v2.41/avr/bin/../lib/gcc/avr/5.4.0/../../../../avr/lib/avr5/memx-const/libc.a(__int_vsnprintf.o)
 .bss           0x0000000000000000        0x0 /Applications/microchip/xc8/v2.41/avr/bin/../lib/gcc/avr/5.4.0/../../../../avr/lib/avr5/memx-const/libc.a(__int_vsnprintf.o)
 .stack.descriptors
                0x0000000000000000       0x19 /Applications/microchip/xc8/v2.41/avr/bin/../lib/gcc/avr/5.4.0/../../../../avr/lib/avr5/memx-const/libc.a(__int_vsnprintf.o)
 .text          0x0000000000000000        0x0 /Applications/microchip/xc8/v2.41/avr/bin/../lib/gcc/avr/5.4.0/../../../../avr/lib/avr5/memx-const/libc.a(__int_vfprintf.o)
 .data          0x0000000000000000        0x0 /Applications/microchip/xc8/v2.41/avr/bin/../lib/gcc/avr/5.4.0/../../../../avr/lib/avr5/memx-const/libc.a(__int_vfprintf.o)
 .bss           0x0000000000000000        0x0 /Applications/microchip/xc8/v2.41/avr/bin/../lib/gcc/avr/5.4.0/../../../../avr/lib/avr5/memx-const/libc.a(__int_vfprintf.o)
 .stack.descriptors
                0x0000000000000000       0x18 /Applications/microchip/xc8/v2.41/avr/bin/../lib/gcc/avr/5.4.0/../../../../avr/lib/avr5/memx-const/libc.a(__int_vfprintf.o)
 .text          0x0000000000000000        0x0 /Applications/microchip/xc8/v2.41/avr/bin/../lib/gcc/avr/5.4.0/avr5/memx-const/libgcc.a(_udivmodsi4.o)
 .data          0x0000000000000000        0x0 /Applications/microchip/xc8/v2.41/avr/bin/../lib/gcc/avr/5.4.0/avr5/memx-const/libgcc.a(_udivmodsi4.o)
 .bss           0x0000000000000000        0x0 /Applications/microchip/xc8/v2.41/avr/bin/../lib/gcc/avr/5.4.0/avr5/memx-const/libgcc.a(_udivmodsi4.o)
 .text.libgcc.mul
                0x0000000000000000        0x0 /Applications/microchip/xc8/v2.41/avr/bin/../lib/gcc/avr/5.4.0/avr5/memx-const/libgcc.a(_udivmodsi4.o)
 .stack.descriptors
                0x0000000000000000       0x1a /Applications/microchip/xc8/v2.41/avr/bin/../lib/gcc/avr/5.4.0/avr5/memx-const/libgcc.a(_udivmodsi4.o)
 .text.libgcc   0x0000000000000000        0x0 /Applications/microchip/xc8/v2.41/avr/bin/../lib/gcc/avr/5.4.0/avr5/memx-const/libgcc.a(_udivmodsi4.o)
 .text.libgcc.prologue
                0x0000000000000000        0x0 /Applications/microchip/xc8/v2.41/avr/bin/../lib/gcc/avr/5.4.0/avr5/memx-const/libgcc.a(_udivmodsi4.o)
 .text.libgcc.builtins
                0x0000000000000000        0x0 /Applications/microchip/xc8/v2.41/avr/bin/../lib/gcc/avr/5.4.0/avr5/memx-const/libgcc.a(_udivmodsi4.o)
 .text.libgcc.fmul
                0x0000000000000000        0x0 /Applications/microchip/xc8/v2.41/avr/bin/../lib/gcc/avr/5.4.0/avr5/memx-const/libgcc.a(_udivmodsi4.o)
 .text.libgcc.fixed
                0x0000000000000000        0x0 /Applications/microchip/xc8/v2.41/avr/bin/../lib/gcc/avr/5.4.0/avr5/memx-const/libgcc.a(_udivmodsi4.o)
 .text          0x0000000000000000        0x0 /Applications/microchip/xc8/v2.41/avr/bin/../lib/gcc/avr/5.4.0/avr5/memx-const/libgcc.a(_exit.o)
 .data          0x0000000000000000        0x0 /Applications/microchip/xc8/v2.41/avr/bin/../lib/gcc/avr/5.4.0/avr5/memx-const/libgcc.a(_exit.o)
 .bss           0x0000000000000000        0x0 /Applications/microchip/xc8/v2.41/avr/bin/../lib/gcc/avr/5.4.0/avr5/memx-const/libgcc.a(_exit.o)
 .text.libgcc.mul
                0x0000000000000000        0x0 /Applications/microchip/xc8/v2.41/avr/bin/../lib/gcc/avr/5.4.0/avr5/memx-const/libgcc.a(_exit.o)
 .text.libgcc.div
                0x0000000000000000        0x0 /Applications/microchip/xc8/v2.41/avr/bin/../lib/gcc/avr/5.4.0/avr5/memx-const/libgcc.a(_exit.o)
 .text.libgcc   0x0000000000000000        0x0 /Applications/microchip/xc8/v2.41/avr/bin/../lib/gcc/avr/5.4.0/avr5/memx-const/libgcc.a(_exit.o)
 .text.libgcc.prologue
                0x0000000000000000        0x0 /Applications/microchip/xc8/v2.41/avr/bin/../lib/gcc/avr/5.4.0/avr5/memx-const/libgcc.a(_exit.o)
 .stack.descriptors
                0x0000000000000000       0x13 /Applications/microchip/xc8/v2.41/avr/bin/../lib/gcc/avr/5.4.0/avr5/memx-const/libgcc.a(_exit.o)
 .text.libgcc.builtins
                0x0000000000000000        0x0 /Applications/microchip/xc8/v2.41/avr/bin/../lib/gcc/avr/5.4.0/avr5/memx-const/libgcc.a(_exit.o)
 .text.libgcc.fmul
                0x0000000000000000        0x0 /Applications/microchip/xc8/v2.41/avr/bin/../lib/gcc/avr/5.4.0/avr5/memx-const/libgcc.a(_exit.o)
 .text.libgcc.fixed
                0x0000000000000000        0x0 /Applications/microchip/xc8/v2.41/avr/bin/../lib/gcc/avr/5.4.0/avr5/memx-const/libgcc.a(_exit.o)
 .text          0x0000000000000000        0x0 /Applications/microchip/xc8/v2.41/avr/bin/../lib/gcc/avr/5.4.0/avr5/memx-const/libgcc.a(_prologue.o)
 .data          0x0000000000000000        0x0 /Applications/microchip/xc8/v2.41/avr/bin/../lib/gcc/avr/5.4.0/avr5/memx-const/libgcc.a(_prologue.o)
 .bss           0x0000000000000000        0x0 /Applications/microchip/xc8/v2.41/avr/bin/../lib/gcc/avr/5.4.0/avr5/memx-const/libgcc.a(_prologue.o)
 .text.libgcc.mul
                0x0000000000000000        0x0 /Applications/microchip/xc8/v2.41/avr/bin/../lib/gcc/avr/5.4.0/avr5/memx-const/libgcc.a(_prologue.o)
 .text.libgcc.div
                0x0000000000000000        0x0 /Applications/microchip/xc8/v2.41/avr/bin/../lib/gcc/avr/5.4.0/avr5/memx-const/libgcc.a(_prologue.o)
 .text.libgcc   0x0000000000000000        0x0 /Applications/microchip/xc8/v2.41/avr/bin/../lib/gcc/avr/5.4.0/avr5/memx-const/libgcc.a(_prologue.o)
 .text.libgcc.builtins
                0x0000000000000000        0x0 /Applications/microchip/xc8/v2.41/avr/bin/../lib/gcc/avr/5.4.0/avr5/memx-const/libgcc.a(_prologue.o)
 .text.libgcc.fmul
                0x0000000000000000        0x0 /Applications/microchip/xc8/v2.41/avr/bin/../lib/gcc/avr/5.4.0/avr5/memx-const/libgcc.a(_prologue.o)
 .text.libgcc.fixed
                0x0000000000000000        0x0 /Applications/microchip/xc8/v2.41/avr/bin/../lib/gcc/avr/5.4.0/avr5/memx-const/libgcc.a(_prologue.o)
 .text          0x0000000000000000        0x0 /Applications/microchip/xc8/v2.41/avr/bin/../lib/gcc/avr/5.4.0/avr5/memx-const/libgcc.a(_epilogue.o)
 .data          0x0000000000000000        0x0 /Applications/microchip/xc8/v2.41/avr/bin/../lib/gcc/avr/5.4.0/avr5/memx-const/libgcc.a(_epilogue.o)
 .bss           0x0000000000000000        0x0 /Applications/microchip/xc8/v2.41/avr/bin/../lib/gcc/avr/5.4.0/avr5/memx-const/libgcc.a(_epilogue.o)
 .text.libgcc.mul
                0x0000000000000000        0x0 /Applications/microchip/xc8/v2.41/avr/bin/../lib/gcc/avr/5.4.0/avr5/memx-const/libgcc.a(_epilogue.o)
 .text.libgcc.div
                0x0000000000000000        0x0 /Applications/microchip/xc8/v2.41/avr/bin/../lib/gcc/avr/5.4.0/avr5/memx-const/libgcc.a(_epilogue.o)
 .text.libgcc   0x0000000000000000        0x0 /Applications/microchip/xc8/v2.41/avr/bin/../lib/gcc/avr/5.4.0/avr5/memx-const/libgcc.a(_epilogue.o)
 .text.libgcc.builtins
                0x0000000000000000        0x0 /Applications/microchip/xc8/v2.41/avr/bin/../lib/gcc/avr/5.4.0/avr5/memx-const/libgcc.a(_epilogue.o)
 .text.libgcc.fmul
                0x0000000000000000        0x0 /Applications/microchip/xc8/v2.41/avr/bin/../lib/gcc/avr/5.4.0/avr5/memx-const/libgcc.a(_epilogue.o)
 .text.libgcc.fixed
                0x0000000000000000        0x0 /Applications/microchip/xc8/v2.41/avr/bin/../lib/gcc/avr/5.4.0/avr5/memx-const/libgcc.a(_epilogue.o)

Memory Configuration

Name             Origin             Length             Attributes
text             0x0000000000000000 0x0000000000008000 xr
data             0x0000000000800100 0x0000000000000800 rw !x
eeprom           0x0000000000810000 0x0000000000000400 rw !x
fuse             0x0000000000820000 0x0000000000000003 rw !x
lock             0x0000000000830000 0x0000000000000400 rw !x
signature        0x0000000000840000 0x0000000000000400 rw !x
user_signatures  0x0000000000850000 0x0000000000000400 rw !x
bootrow          0x0000000000860000 0x0000000000000400 rw !x
*default*        0x0000000000000000 0xffffffffffffffff

Linker script and memory map

Address of section .data set to 0x800100
LOAD /Applications/microchip/mplabx/v6.05/packs/Microchip/ATmega_DFP/3.0.158/xc8/avr/lib/avr5/memx-const/crtatmega328p.o
                0x0000000000000001                __MPLAB_BUILD = 0x1
LOAD build/default/production/main.o
LOAD build/default/production/dht11.o
LOAD build/default/production/buzzer.o
LOAD build/default/production/button.o
LOAD build/default/production/timer1.o
LOAD build/default/production/tft.o
LOAD build/default/production/uart.o
START GROUP
LOAD /Applications/microchip/xc8/v2.41/avr/bin/../lib/gcc/avr/5.4.0/../../../../avr/lib/avr5/memx-const/libm.a
END GROUP
START GROUP
LOAD /Applications/microchip/xc8/v2.41/avr/bin/../lib/gcc/avr/5.4.0/avr5/memx-const/libgcc.a
LOAD /Applications/microchip/xc8/v2.41/avr/bin/../lib/gcc/avr/5.4.0/../../../../avr/lib/avr5/memx-const/libm.a
LOAD /Applications/microchip/xc8/v2.41/avr/bin/../lib/gcc/avr/5.4.0/../../../../avr/lib/avr5/memx-const/libc.a
LOAD /Applications/microchip/mplabx/v6.05/packs/Microchip/ATmega_DFP/3.0.158/xc8/avr/lib/avr5/memx-const/libatmega328p.a
END GROUP
                0x0000000000000000                __TEXT_REGION_ORIGIN__ = DEFINED (__TEXT_REGION_ORIGIN__)?__TEXT_REGION_ORIGIN__:0x0
                [0x0000000000800100]                __DATA_REGION_ORIGIN__ = DEFINED (__DATA_REGION_ORIGIN__)?__DATA_REGION_ORIGIN__:0x800060
                [0x0000000000008000]                __TEXT_REGION_LENGTH__ = DEFINED (__TEXT_REGION_LENGTH__)?__TEXT_REGION_LENGTH__:0x20000
                [0x0000000000000800]                __DATA_REGION_LENGTH__ = DEFINED (__DATA_REGION_LENGTH__)?__DATA_REGION_LENGTH__:0xffa0
                [0x0000000000000400]                __EEPROM_REGION_LENGTH__ = DEFINED (__EEPROM_REGION_LENGTH__)?__EEPROM_REGION_LENGTH__:0x10000
                [0x0000000000000003]                __FUSE_REGION_LENGTH__ = DEFINED (__FUSE_REGION_LENGTH__)?__FUSE_REGION_LENGTH__:0x400
                0x0000000000000400                __LOCK_REGION_LENGTH__ = DEFINED (__LOCK_REGION_LENGTH__)?__LOCK_REGION_LENGTH__:0x400
                0x0000000000000400                __SIGNATURE_REGION_LENGTH__ = DEFINED (__SIGNATURE_REGION_LENGTH__)?__SIGNATURE_REGION_LENGTH__:0x400
                0x0000000000000400                __USER_SIGNATURE_REGION_LENGTH__ = DEFINED (__USER_SIGNATURE_REGION_LENGTH__)?__USER_SIGNATURE_REGION_LENGTH__:0x400
                0x0000000000000400                __BOOTROW_REGION_LENGTH__ = DEFINED (__BOOTROW_REGION_LENGTH__)?__BOOTROW_REGION_LENGTH__:0x400

.hash
 *(.hash)

.dynsym
 *(.dynsym)

.dynstr
 *(.dynstr)

.gnu.version
 *(.gnu.version)

.gnu.version_d
 *(.gnu.version_d)

.gnu.version_r
 *(.gnu.version_r)

.rel.init
 *(.rel.init)

.rela.init
 *(.rela.init)

.rel.text
 *(.rel.text)
 *(.rel.text.*)
 *(.rel.gnu.linkonce.t*)

.rela.text
 *(.rela.text)
 *(.rela.text.*)
 *(.rela.gnu.linkonce.t*)

.rel.fini
 *(.rel.fini)

.rela.fini
 *(.rela.fini)

.rel.rodata
 *(.rel.rodata)
 *(.rel.rodata.*)
 *(.rel.gnu.linkonce.r*)

.rela.rodata
 *(.rela.rodata)
 *(.rela.rodata.*)
 *(.rela.gnu.linkonce.r*)

.rel.data
 *(.rel.data)
 *(.rel.data.*)
 *(.rel.gnu.linkonce.d*)

.rela.data
 *(.rela.data)
 *(.rela.data.*)
 *(.rela.gnu.linkonce.d*)

.rel.ctors
 *(.rel.ctors)

.rela.ctors
 *(.rela.ctors)

.rel.dtors
 *(.rel.dtors)

.rela.dtors
 *(.rela.dtors)

.rel.got
 *(.rel.got)

.rela.got
 *(.rela.got)

.rel.bss
 *(.rel.bss)

.rela.bss
 *(.rela.bss)

.rel.plt
 *(.rel.plt)

.rela.plt
 *(.rela.plt)

.text           0x0000000000000000      0x168
 *(.vectors)
 .vectors       0x0000000000000000       0x68 /Applications/microchip/mplabx/v6.05/packs/Microchip/ATmega_DFP/3.0.158/xc8/avr/lib/avr5/memx-const/crtatmega328p.o
                0x0000000000000000                __vectors
                0x0000000000000000                __vector_default
 *(.vectors)
 *(.progmem.gcc*)
 .progmem.gcc_sw_table.TFT_Print
                0x0000000000000068       0x9a build/default/production/tft.o
 *(.dinit)
 .dinit         0x0000000000000102       0x11 data_init
                0x0000000000000114                . = ALIGN (0x2)
 *fill*         0x0000000000000113        0x1 
                0x0000000000000114                __trampolines_start = .
 *(.trampolines)
 .trampolines   0x0000000000000114        0x0 linker stubs
 *(.trampolines*)
                0x0000000000000114                __trampolines_end = .
 *libprintf_flt.a:*(.progmem.data)
 *libc.a:*(.progmem.data)
                0x0000000000000114                . = ALIGN (0x2)
 *(.jumptables)
 *(.jumptables*)
 *(.lowtext)
 *(.lowtext*)
                0x0000000000000114                __ctors_start = .
 *(.ctors)
                0x0000000000000114                __ctors_end = .
                0x0000000000000114                __dtors_start = .
 *(.dtors)
                0x0000000000000114                __dtors_end = .
 SORT(*)(.ctors)
 SORT(*)(.dtors)
 *(.init0)
 .init0         0x0000000000000114        0x0 /Applications/microchip/mplabx/v6.05/packs/Microchip/ATmega_DFP/3.0.158/xc8/avr/lib/avr5/memx-const/crtatmega328p.o
                0x0000000000000114                __init
 *(.init0)
 *(.init1)
 *(.init1)
 *(.init2)
 .init2         0x0000000000000114        0xc /Applications/microchip/mplabx/v6.05/packs/Microchip/ATmega_DFP/3.0.158/xc8/avr/lib/avr5/memx-const/crtatmega328p.o
 *(.init2)
 *(.init3)
 *(.init3)
 *(.init4)
 .init4         0x0000000000000120       0x3c /Applications/microchip/xc8/v2.41/avr/bin/../lib/gcc/avr/5.4.0/avr5/memx-const/libgcc.a(_copy_data.o)
                0x0000000000000120                __do_copy_data
                0x000000000000014e                __do_clear_bss
 *(.init4)
 *(.init5)
 *(.init5)
 *(.init6)
 *(.init6)
 *(.init7)
 *(.init7)
 *(.init8)
 *(.init8)
 *(.init9)
 .init9         0x000000000000015c        0x8 /Applications/microchip/mplabx/v6.05/packs/Microchip/ATmega_DFP/3.0.158/xc8/avr/lib/avr5/memx-const/crtatmega328p.o
 *(.init9)
                0x0000000000000164                . = ALIGN (0x2)
 *(.fini9)
 .fini9         0x0000000000000164        0x0 /Applications/microchip/xc8/v2.41/avr/bin/../lib/gcc/avr/5.4.0/avr5/memx-const/libgcc.a(_exit.o)
                0x0000000000000164                _exit
 *(.fini9)
 *(.fini8)
 *(.fini8)
 *(.fini7)
 *(.fini7)
 *(.fini6)
 *(.fini6)
 *(.fini5)
 *(.fini5)
 *(.fini4)
 *(.fini4)
 *(.fini3)
 *(.fini3)
 *(.fini2)
 *(.fini2)
 *(.fini1)
 *(.fini1)
 *(.fini0)
 .fini0         0x0000000000000164        0x4 /Applications/microchip/xc8/v2.41/avr/bin/../lib/gcc/avr/5.4.0/avr5/memx-const/libgcc.a(_exit.o)
 *(.fini0)
                0x0000000000000168                _etext = .

.data           0x0000000000800100        0x0 load address 0x0000000000000168
                [!provide]                        PROVIDE (__data_start, .)
 *(.gnu.linkonce.d*)
 *(.gnu.linkonce.r*)
                0x0000000000800100                . = ALIGN (0x2)
                0x0000000000800100                _edata = .
                [!provide]                        PROVIDE (__data_end, .)

.bss            0x0000000000800100        0x2
                [!provide]                        PROVIDE (__bss_start, .)
 *(COMMON)
 COMMON         0x0000000000800100        0x2 /Applications/microchip/xc8/v2.41/avr/bin/../lib/gcc/avr/5.4.0/../../../../avr/lib/avr5/memx-const/libc.a(errno.o)
                0x0000000000800100                __errno_val
                [!provide]                        PROVIDE (__bss_end, .)
                0x0000000000000168                __data_load_start = LOADADDR (.data)
                0x0000000000000168                __data_load_end = (__data_load_start + SIZEOF (.data))

.noinit         0x0000000000800102        0x0
                [!provide]                        PROVIDE (__noinit_start, .)
 *(.noinit*)
                [!provide]                        PROVIDE (__noinit_end, .)
                0x0000000000800102                _end = .

.eeprom         0x0000000000810000        0x0
 *(.eeprom*)
                0x0000000000810000                __eeprom_end = .

.fuse
 *(.fuse)
 *(.lfuse)
 *(.hfuse)
 *(.efuse)

.lock
 *(.lock*)

.signature
 *(.signature*)

.user_signatures
 *(.user_signatures*)

.bootrow
 *(.bootrow*)

.stab
 *(.stab)

.stabstr
 *(.stabstr)

.stab.excl
 *(.stab.excl)

.stab.exclstr
 *(.stab.exclstr)

.stab.index
 *(.stab.index)

.stab.indexstr
 *(.stab.indexstr)

.comment        0x0000000000000000       0x5b
 *(.comment)
 .comment       0x0000000000000000       0x2f build/default/production/main.o
                                         0x30 (size before relaxing)
 .comment       0x000000000000002f       0x30 build/default/production/dht11.o
 .comment       0x000000000000002f       0x30 build/default/production/buzzer.o
 .comment       0x000000000000002f       0x30 build/default/production/button.o
 .comment       0x000000000000002f       0x30 build/default/production/timer1.o
 .comment       0x000000000000002f       0x30 build/default/production/tft.o
 .comment       0x000000000000002f       0x30 build/default/production/uart.o
 .comment       0x000000000000002f       0x2c /Applications/microchip/xc8/v2.41/avr/bin/../lib/gcc/avr/5.4.0/../../../../avr/lib/avr5/memx-const/libc.a(exit.o)
                                         0x2d (size before relaxing)
 .comment       0x000000000000005b       0x2d /Applications/microchip/xc8/v2.41/avr/bin/../lib/gcc/avr/5.4.0/../../../../avr/lib/avr5/memx-const/libc.a(__sio_sprintf_doux.o)
 .comment       0x000000000000005b       0x2d /Applications/microchip/xc8/v2.41/avr/bin/../lib/gcc/avr/5.4.0/../../../../avr/lib/avr5/memx-const/libc.a(__fmt_d.o)
 .comment       0x000000000000005b       0x2d /Applications/microchip/xc8/v2.41/avr/bin/../lib/gcc/avr/5.4.0/../../../../avr/lib/avr5/memx-const/libc.a(__fmt_o.o)
 .comment       0x000000000000005b       0x2d /Applications/microchip/xc8/v2.41/avr/bin/../lib/gcc/avr/5.4.0/../../../../avr/lib/avr5/memx-const/libc.a(__fmt_s.o)
 .comment       0x000000000000005b       0x2d /Applications/microchip/xc8/v2.41/avr/bin/../lib/gcc/avr/5.4.0/../../../../avr/lib/avr5/memx-const/libc.a(__fmt_u.o)
 .comment       0x000000000000005b       0x2d /Applications/microchip/xc8/v2.41/avr/bin/../lib/gcc/avr/5.4.0/../../../../avr/lib/avr5/memx-const/libc.a(__fmt_x.o)
 .comment       0x000000000000005b       0x2d /Applications/microchip/xc8/v2.41/avr/bin/../lib/gcc/avr/5.4.0/../../../../avr/lib/avr5/memx-const/libc.a(__pop_int.o)
 .comment       0x000000000000005b       0x2d /Applications/microchip/xc8/v2.41/avr/bin/../lib/gcc/avr/5.4.0/../../../../avr/lib/avr5/memx-const/libc.a(__printf_core.o)
 .comment       0x000000000000005b       0x2d /Applications/microchip/xc8/v2.41/avr/bin/../lib/gcc/avr/5.4.0/../../../../avr/lib/avr5/memx-const/libc.a(fputc.o)
 .comment       0x000000000000005b       0x2d /Applications/microchip/xc8/v2.41/avr/bin/../lib/gcc/avr/5.4.0/../../../../avr/lib/avr5/memx-const/libc.a(strcmp.o)
 .comment       0x000000000000005b       0x2d /Applications/microchip/xc8/v2.41/avr/bin/../lib/gcc/avr/5.4.0/../../../../avr/lib/avr5/memx-const/libc.a(strlen.o)
 .comment       0x000000000000005b       0x2d /Applications/microchip/xc8/v2.41/avr/bin/../lib/gcc/avr/5.4.0/../../../../avr/lib/avr5/memx-const/libc.a(tolower.o)
 .comment       0x000000000000005b       0x2d /Applications/microchip/xc8/v2.41/avr/bin/../lib/gcc/avr/5.4.0/../../../../avr/lib/avr5/memx-const/libc.a(toupper.o)
 .comment       0x000000000000005b       0x2d /Applications/microchip/xc8/v2.41/avr/bin/../lib/gcc/avr/5.4.0/../../../../avr/lib/avr5/memx-const/libc.a(errno.o)
 .comment       0x000000000000005b       0x2d /Applications/microchip/xc8/v2.41/avr/bin/../lib/gcc/avr/5.4.0/../../../../avr/lib/avr5/memx-const/libc.a(_Exit.o)
 .comment       0x000000000000005b       0x2d /Applications/microchip/xc8/v2.41/avr/bin/../lib/gcc/avr/5.4.0/../../../../avr/lib/avr5/memx-const/libc.a(__int_vsprintf.o)
 .comment       0x000000000000005b       0x2d /Applications/microchip/xc8/v2.41/avr/bin/../lib/gcc/avr/5.4.0/../../../../avr/lib/avr5/memx-const/libc.a(__int_vsnprintf.o)
 .comment       0x000000000000005b       0x2d /Applications/microchip/xc8/v2.41/avr/bin/../lib/gcc/avr/5.4.0/../../../../avr/lib/avr5/memx-const/libc.a(__int_vfprintf.o)

.stack.descriptors.hdr
                0x0000000000000000      0x142
 .stack.descriptors.hdr
                0x0000000000000000        0xe /Applications/microchip/xc8/v2.41/avr/bin/../lib/gcc/avr/5.4.0/avr5/memx-const/libgcc.a(_tablejump2.o)
 .stack.descriptors.hdr
                0x000000000000000e        0xe /Applications/microchip/xc8/v2.41/avr/bin/../lib/gcc/avr/5.4.0/avr5/memx-const/libgcc.a(_xload_2.o)
 .stack.descriptors.hdr
                0x000000000000001c        0xe /Applications/microchip/xc8/v2.41/avr/bin/../lib/gcc/avr/5.4.0/../../../../avr/lib/avr5/memx-const/libc.a(exit.o)
 .stack.descriptors.hdr
                0x000000000000002a        0xe /Applications/microchip/xc8/v2.41/avr/bin/../lib/gcc/avr/5.4.0/../../../../avr/lib/avr5/memx-const/libc.a(__sio_sprintf_doux.o)
 .stack.descriptors.hdr
                0x0000000000000038        0xe /Applications/microchip/xc8/v2.41/avr/bin/../lib/gcc/avr/5.4.0/../../../../avr/lib/avr5/memx-const/libc.a(__fmt_d.o)
 .stack.descriptors.hdr
                0x0000000000000046        0xe /Applications/microchip/xc8/v2.41/avr/bin/../lib/gcc/avr/5.4.0/../../../../avr/lib/avr5/memx-const/libc.a(__fmt_o.o)
 .stack.descriptors.hdr
                0x0000000000000054        0xe /Applications/microchip/xc8/v2.41/avr/bin/../lib/gcc/avr/5.4.0/../../../../avr/lib/avr5/memx-const/libc.a(__fmt_s.o)
 .stack.descriptors.hdr
                0x0000000000000062        0xe /Applications/microchip/xc8/v2.41/avr/bin/../lib/gcc/avr/5.4.0/../../../../avr/lib/avr5/memx-const/libc.a(__fmt_u.o)
 .stack.descriptors.hdr
                0x0000000000000070        0xe /Applications/microchip/xc8/v2.41/avr/bin/../lib/gcc/avr/5.4.0/../../../../avr/lib/avr5/memx-const/libc.a(__fmt_x.o)
 .stack.descriptors.hdr
                0x000000000000007e        0xe /Applications/microchip/xc8/v2.41/avr/bin/../lib/gcc/avr/5.4.0/../../../../avr/lib/avr5/memx-const/libc.a(__pop_int.o)
 .stack.descriptors.hdr
                0x000000000000008c        0xe /Applications/microchip/xc8/v2.41/avr/bin/../lib/gcc/avr/5.4.0/../../../../avr/lib/avr5/memx-const/libc.a(__printf_core.o)
 .stack.descriptors.hdr
                0x000000000000009a        0xe /Applications/microchip/xc8/v2.41/avr/bin/../lib/gcc/avr/5.4.0/../../../../avr/lib/avr5/memx-const/libc.a(fputc.o)
 .stack.descriptors.hdr
                0x00000000000000a8        0xe /Applications/microchip/xc8/v2.41/avr/bin/../lib/gcc/avr/5.4.0/../../../../avr/lib/avr5/memx-const/libc.a(strcmp.o)
 .stack.descriptors.hdr
                0x00000000000000b6        0xe /Applications/microchip/xc8/v2.41/avr/bin/../lib/gcc/avr/5.4.0/../../../../avr/lib/avr5/memx-const/libc.a(strlen.o)
 .stack.descriptors.hdr
                0x00000000000000c4        0xe /Applications/microchip/xc8/v2.41/avr/bin/../lib/gcc/avr/5.4.0/../../../../avr/lib/avr5/memx-const/libc.a(tolower.o)
 .stack.descriptors.hdr
                0x00000000000000d2        0xe /Applications/microchip/xc8/v2.41/avr/bin/../lib/gcc/avr/5.4.0/../../../../avr/lib/avr5/memx-const/libc.a(toupper.o)
 .stack.descriptors.hdr
                0x00000000000000e0        0xe /Applications/microchip/xc8/v2.41/avr/bin/../lib/gcc/avr/5.4.0/../../../../avr/lib/avr5/memx-const/libc.a(errno.o)
 .stack.descriptors.hdr
                0x00000000000000ee        0xe /Applications/microchip/xc8/v2.41/avr/bin/../lib/gcc/avr/5.4.0/../../../../avr/lib/avr5/memx-const/libc.a(_Exit.o)
 .stack.descriptors.hdr
                0x00000000000000fc        0xe /Applications/microchip/xc8/v2.41/avr/bin/../lib/gcc/avr/5.4.0/../../../../avr/lib/avr5/memx-const/libc.a(__int_vsprintf.o)
 .stack.descriptors.hdr
                0x000000000000010a        0xe /Applications/microchip/xc8/v2.41/avr/bin/../lib/gcc/avr/5.4.0/../../../../avr/lib/avr5/memx-const/libc.a(__int_vsnprintf.o)
 .stack.descriptors.hdr
                0x0000000000000118        0xe /Applications/microchip/xc8/v2.41/avr/bin/../lib/gcc/avr/5.4.0/../../../../avr/lib/avr5/memx-const/libc.a(__int_vfprintf.o)
 .stack.descriptors.hdr
                0x0000000000000126        0xe /Applications/microchip/xc8/v2.41/avr/bin/../lib/gcc/avr/5.4.0/avr5/memx-const/libgcc.a(_udivmodsi4.o)
 .stack.descriptors.hdr
                0x0000000000000134        0xe /Applications/microchip/xc8/v2.41/avr/bin/../lib/gcc/avr/5.4.0/avr5/memx-const/libgcc.a(_exit.o)

.note.GNU-stack
                0x0000000000000000        0x0
 .note.GNU-stack
                0x0000000000000000        0x0 /Applications/microchip/xc8/v2.41/avr/bin/../lib/gcc/avr/5.4.0/../../../../avr/lib/avr5/memx-const/libc.a(exit.o)
 .note.GNU-stack
                0x0000000000000000        0x0 /Applications/microchip/xc8/v2.41/avr/bin/../lib/gcc/avr/5.4.0/../../../../avr/lib/avr5/memx-const/libc.a(__sio_sprintf_doux.o)
 .note.GNU-stack
                0x0000000000000000        0x0 /Applications/microchip/xc8/v2.41/avr/bin/../lib/gcc/avr/5.4.0/../../../../avr/lib/avr5/memx-const/libc.a(__fmt_d.o)
 .note.GNU-stack
                0x0000000000000000        0x0 /Applications/microchip/xc8/v2.41/avr/bin/../lib/gcc/avr/5.4.0/../../../../avr/lib/avr5/memx-const/libc.a(__fmt_o.o)
 .note.GNU-stack
                0x0000000000000000        0x0 /Applications/microchip/xc8/v2.41/avr/bin/../lib/gcc/avr/5.4.0/../../../../avr/lib/avr5/memx-const/libc.a(__fmt_s.o)
 .note.GNU-stack
                0x0000000000000000        0x0 /Applications/microchip/xc8/v2.41/avr/bin/../lib/gcc/avr/5.4.0/../../../../avr/lib/avr5/memx-const/libc.a(__fmt_u.o)
 .note.GNU-stack
                0x0000000000000000        0x0 /Applications/microchip/xc8/v2.41/avr/bin/../lib/gcc/avr/5.4.0/../../../../avr/lib/avr5/memx-const/libc.a(__fmt_x.o)
 .note.GNU-stack
                0x0000000000000000        0x0 /Applications/microchip/xc8/v2.41/avr/bin/../lib/gcc/avr/5.4.0/../../../../avr/lib/avr5/memx-const/libc.a(__pop_int.o)
 .note.GNU-stack
                0x0000000000000000        0x0 /Applications/microchip/xc8/v2.41/avr/bin/../lib/gcc/avr/5.4.0/../../../../avr/lib/avr5/memx-const/libc.a(__printf_core.o)
 .note.GNU-stack
                0x0000000000000000        0x0 /Applications/microchip/xc8/v2.41/avr/bin/../lib/gcc/avr/5.4.0/../../../../avr/lib/avr5/memx-const/libc.a(fputc.o)
 .note.GNU-stack
                0x0000000000000000        0x0 /Applications/microchip/xc8/v2.41/avr/bin/../lib/gcc/avr/5.4.0/../../../../avr/lib/avr5/memx-const/libc.a(strcmp.o)
 .note.GNU-stack
                0x0000000000000000        0x0 /Applications/microchip/xc8/v2.41/avr/bin/../lib/gcc/avr/5.4.0/../../../../avr/lib/avr5/memx-const/libc.a(strlen.o)
 .note.GNU-stack
                0x0000000000000000        0x0 /Applications/microchip/xc8/v2.41/avr/bin/../lib/gcc/avr/5.4.0/../../../../avr/lib/avr5/memx-const/libc.a(tolower.o)
 .note.GNU-stack
                0x0000000000000000        0x0 /Applications/microchip/xc8/v2.41/avr/bin/../lib/gcc/avr/5.4.0/../../../../avr/lib/avr5/memx-const/libc.a(toupper.o)
 .note.GNU-stack
                0x0000000000000000        0x0 /Applications/microchip/xc8/v2.41/avr/bin/../lib/gcc/avr/5.4.0/../../../../avr/lib/avr5/memx-const/libc.a(errno.o)
 .note.GNU-stack
                0x0000000000000000        0x0 /Applications/microchip/xc8/v2.41/avr/bin/../lib/gcc/avr/5.4.0/../../../../avr/lib/avr5/memx-const/libc.a(_Exit.o)
 .note.GNU-stack
                0x0000000000000000        0x0 /Applications/microchip/xc8/v2.41/avr/bin/../lib/gcc/avr/5.4.0/../../../../avr/lib/avr5/memx-const/libc.a(__int_vsprintf.o)
 .note.GNU-stack
                0x0000000000000000        0x0 /Applications/microchip/xc8/v2.41/avr/bin/../lib/gcc/avr/5.4.0/../../../../avr/lib/avr5/memx-const/libc.a(__int_vsnprintf.o)
 .note.GNU-stack
                0x0000000000000000        0x0 /Applications/microchip/xc8/v2.41/avr/bin/../lib/gcc/avr/5.4.0/../../../../avr/lib/avr5/memx-const/libc.a(__int_vfprintf.o)

.note.gnu.build-id
 *(.note.gnu.build-id)

.debug
 *(.debug)

.line
 *(.line)

.debug_srcinfo
 *(.debug_srcinfo)

.debug_sfnames
 *(.debug_sfnames)

.debug_aranges  0x0000000000000000      0x158
 *(.debug_aranges)
 .debug_aranges
                0x0000000000000000       0x30 build/default/production/main.o
 .debug_aranges
                0x0000000000000030       0x30 build/default/production/dht11.o
 .debug_aranges
                0x0000000000000060       0x20 build/default/production/buzzer.o
 .debug_aranges
                0x0000000000000080       0x20 build/default/production/button.o
 .debug_aranges
                0x00000000000000a0       0x20 build/default/production/timer1.o
 .debug_aranges
                0x00000000000000c0       0x58 build/default/production/tft.o
 .debug_aranges
                0x0000000000000118       0x40 build/default/production/uart.o

.debug_pubnames
 *(.debug_pubnames)

.debug_info     0x0000000000000000     0x262d
 *(.debug_info .gnu.linkonce.wi.*)
 .debug_info    0x0000000000000000      0x5f4 /Applications/microchip/mplabx/v6.05/packs/Microchip/ATmega_DFP/3.0.158/xc8/avr/lib/avr5/memx-const/crtatmega328p.o
 .debug_info    0x00000000000005f4      0x6bf build/default/production/main.o
 .debug_info    0x0000000000000cb3      0x4bc build/default/production/dht11.o
 .debug_info    0x000000000000116f      0x270 build/default/production/buzzer.o
 .debug_info    0x00000000000013df      0x270 build/default/production/button.o
 .debug_info    0x000000000000164f      0x280 build/default/production/timer1.o
 .debug_info    0x00000000000018cf      0x975 build/default/production/tft.o
 .debug_info    0x0000000000002244      0x3e9 build/default/production/uart.o

.debug_abbrev   0x0000000000000000      0xc57
 *(.debug_abbrev)
 .debug_abbrev  0x0000000000000000      0x5a2 /Applications/microchip/mplabx/v6.05/packs/Microchip/ATmega_DFP/3.0.158/xc8/avr/lib/avr5/memx-const/crtatmega328p.o
 .debug_abbrev  0x00000000000005a2      0x17e build/default/production/main.o
 .debug_abbrev  0x0000000000000720      0x187 build/default/production/dht11.o
 .debug_abbrev  0x00000000000008a7       0x44 build/default/production/buzzer.o
 .debug_abbrev  0x00000000000008eb       0x44 build/default/production/button.o
 .debug_abbrev  0x000000000000092f       0x44 build/default/production/timer1.o
 .debug_abbrev  0x0000000000000973      0x1e0 build/default/production/tft.o
 .debug_abbrev  0x0000000000000b53      0x104 build/default/production/uart.o

.debug_line     0x0000000000000000      0xcca
 *(.debug_line .debug_line.* .debug_line_end)
 .debug_line    0x0000000000000000      0x137 /Applications/microchip/mplabx/v6.05/packs/Microchip/ATmega_DFP/3.0.158/xc8/avr/lib/avr5/memx-const/crtatmega328p.o
 .debug_line    0x0000000000000137      0x283 build/default/production/main.o
 .debug_line    0x00000000000003ba      0x1a6 build/default/production/dht11.o
 .debug_line    0x0000000000000560       0x81 build/default/production/buzzer.o
 .debug_line    0x00000000000005e1       0x99 build/default/production/button.o
 .debug_line    0x000000000000067a       0x87 build/default/production/timer1.o
 .debug_line    0x0000000000000701      0x418 build/default/production/tft.o
 .debug_line    0x0000000000000b19      0x1b1 build/default/production/uart.o

.debug_frame    0x0000000000000000      0x368
 *(.debug_frame)
 .debug_frame   0x0000000000000000       0x74 build/default/production/main.o
 .debug_frame   0x0000000000000074       0x7c build/default/production/dht11.o
 .debug_frame   0x00000000000000f0       0x24 build/default/production/buzzer.o
 .debug_frame   0x0000000000000114       0x24 build/default/production/button.o
 .debug_frame   0x0000000000000138       0x24 build/default/production/timer1.o
 .debug_frame   0x000000000000015c      0x150 build/default/production/tft.o
 .debug_frame   0x00000000000002ac       0xbc build/default/production/uart.o

.debug_str      0x0000000000000000      0x2ca
 *(.debug_str)
 .debug_str     0x0000000000000000      0x208 /Applications/microchip/mplabx/v6.05/packs/Microchip/ATmega_DFP/3.0.158/xc8/avr/lib/avr5/memx-const/crtatmega328p.o
 .debug_str     0x0000000000000208       0x9c build/default/production/main.o
 .debug_str     0x00000000000002a4       0x26 build/default/production/dht11.o
 .debug_str     0x00000000000002ca        0x0 build/default/production/buzzer.o
 .debug_str     0x00000000000002ca        0x0 build/default/production/button.o
 .debug_str     0x00000000000002ca        0x0 build/default/production/timer1.o
 .debug_str     0x00000000000002ca        0x0 build/default/production/tft.o
 .debug_str     0x00000000000002ca        0x0 build/default/production/uart.o

.debug_loc      0x0000000000000000      0xae8
 *(.debug_loc)
 .debug_loc     0x0000000000000000       0xd0 build/default/production/main.o
 .debug_loc     0x00000000000000d0      0x1dc build/default/production/dht11.o
 .debug_loc     0x00000000000002ac      0x80e build/default/production/tft.o
 .debug_loc     0x0000000000000aba       0x2e build/default/production/uart.o

.debug_macinfo
 *(.debug_macinfo)

.debug_weaknames
 *(.debug_weaknames)

.debug_funcnames
 *(.debug_funcnames)

.debug_typenames
 *(.debug_typenames)

.debug_varnames
 *(.debug_varnames)

.debug_pubtypes
 *(.debug_pubtypes)

.debug_ranges   0x0000000000000000       0xe8
 *(.debug_ranges)
 .debug_ranges  0x0000000000000000       0x20 build/default/production/main.o
 .debug_ranges  0x0000000000000020       0x20 build/default/production/dht11.o
 .debug_ranges  0x0000000000000040       0x10 build/default/production/buzzer.o
 .debug_ranges  0x0000000000000050       0x10 build/default/production/button.o
 .debug_ranges  0x0000000000000060       0x10 build/default/production/timer1.o
 .debug_ranges  0x0000000000000070       0x48 build/default/production/tft.o
 .debug_ranges  0x00000000000000b8       0x30 build/default/production/uart.o

.debug_macro
 *(.debug_macro)
OUTPUT(dist/default/production/Projekt_IuE_S23.X.production.elf elf32-avr)
LOAD linker stubs
LOAD data_init

.note.gnu.avr.deviceinfo
                0x0000000000000000       0x40
 .note.gnu.avr.deviceinfo
                0x0000000000000000       0x40 /Applications/microchip/mplabx/v6.05/packs/Microchip/ATmega_DFP/3.0.158/xc8/avr/lib/avr5/memx-const/crtatmega328p.o

.bss.overflow_counter
                0x0000000000800156        0x1
 .bss.overflow_counter
                0x0000000000800156        0x1 build/default/production/main.o
                0x0000000000800156                overflow_counter

.bss.commandIndex
                0x0000000000800157        0x1
 .bss.commandIndex
                0x0000000000800157        0x1 build/default/production/uart.o
                0x0000000000800157                commandIndex

.bss.command    0x0000000000800154        0x2
 .bss.command   0x0000000000800154        0x2 build/default/production/uart.o
                0x0000000000800154                command

.bss.receivedChar
                0x0000000000800158        0x1
 .bss.receivedChar
                0x0000000000800158        0x1 build/default/production/uart.o
                0x0000000000800158                receivedChar

.progmemx.data.Font
                0x0000000000000168      0x338
 .progmemx.data.Font
                0x0000000000000168      0x338 build/default/production/tft.o
                0x0000000000000168                Font

.progmemx.data  0x00000000000004a0       0x29
 .progmemx.data
                0x00000000000004a0       0x29 build/default/production/main.o

.progmemx.data.state_table
                0x00000000000004c9       0x16
 .progmemx.data.state_table
                0x00000000000004c9       0x16 /Applications/microchip/xc8/v2.41/avr/bin/../lib/gcc/avr/5.4.0/../../../../avr/lib/avr5/memx-const/libc.a(__printf_core.o)

.progmemx.data.nuls.2781
                0x00000000000004df        0x7
 .progmemx.data.nuls.2781
                0x00000000000004df        0x7 /Applications/microchip/xc8/v2.41/avr/bin/../lib/gcc/avr/5.4.0/../../../../avr/lib/avr5/memx-const/libc.a(__fmt_s.o)

.progmemx.data.nilstr.2962
                0x00000000000004e6        0x6
 .progmemx.data.nilstr.2962
                0x00000000000004e6        0x6 /Applications/microchip/xc8/v2.41/avr/bin/../lib/gcc/avr/5.4.0/../../../../avr/lib/avr5/memx-const/libc.a(__printf_core.o)

.progmemx.data  0x00000000000004ec        0x3
 .progmemx.data
                0x00000000000004ec        0x3 build/default/production/uart.o

.text.vfpfcnvrt
                0x00000000000004f0      0x4d8
 .text.vfpfcnvrt
                0x00000000000004f0      0x4d8 /Applications/microchip/xc8/v2.41/avr/bin/../lib/gcc/avr/5.4.0/../../../../avr/lib/avr5/memx-const/libc.a(__printf_core.o)
                0x00000000000004f0                vfpfcnvrt

.text.TFT_Print
                0x00000000000009c8      0x246
 .text.TFT_Print
                0x00000000000009c8      0x246 build/default/production/tft.o
                0x00000000000009c8                TFT_Print

.text.__fmt_x   0x0000000000000c0e      0x1da
 .text.__fmt_x  0x0000000000000c0e      0x1da /Applications/microchip/xc8/v2.41/avr/bin/../lib/gcc/avr/5.4.0/../../../../avr/lib/avr5/memx-const/libc.a(__fmt_x.o)
                0x0000000000000c0e                __fmt_x
                0x0000000000000c0e                __fmt_x_needed

.text.main      0x0000000000000de8      0x16e
 .text.main     0x0000000000000de8      0x16e build/default/production/main.o
                0x0000000000000de8                main

.text.TFT_Window
                0x0000000000000f56      0x126
 .text.TFT_Window
                0x0000000000000f56      0x126 build/default/production/tft.o
                0x0000000000000f56                TFT_Window

.text.Display_init
                0x000000000000107c       0xf6
 .text.Display_init
                0x000000000000107c       0xf6 build/default/production/tft.o
                0x000000000000107c                Display_init

.text.__fmt_d   0x0000000000001172       0xe6
 .text.__fmt_d  0x0000000000001172       0xe6 /Applications/microchip/xc8/v2.41/avr/bin/../lib/gcc/avr/5.4.0/../../../../avr/lib/avr5/memx-const/libc.a(__fmt_d.o)
                0x0000000000001172                __fmt_d_needed
                0x0000000000001172                __fmt_d

.text.__pop_int
                0x0000000000001258       0xda
 .text.__pop_int
                0x0000000000001258       0xda /Applications/microchip/xc8/v2.41/avr/bin/../lib/gcc/avr/5.4.0/../../../../avr/lib/avr5/memx-const/libc.a(__pop_int.o)
                0x0000000000001258                __pop_int
                0x0000000000001258                __pop_int_needed

.text.__cvt_u   0x0000000000001332       0xca
 .text.__cvt_u  0x0000000000001332       0xca /Applications/microchip/xc8/v2.41/avr/bin/../lib/gcc/avr/5.4.0/../../../../avr/lib/avr5/memx-const/libc.a(__fmt_u.o)
                0x0000000000001332                __cvt_u

.text.dht11_getData
                0x00000000000013fc       0xc2
 .text.dht11_getData
                0x00000000000013fc       0xc2 build/default/production/dht11.o
                0x00000000000013fc                dht11_getData

.text.__fmt_o   0x00000000000014be       0xb4
 .text.__fmt_o  0x00000000000014be       0xb4 /Applications/microchip/xc8/v2.41/avr/bin/../lib/gcc/avr/5.4.0/../../../../avr/lib/avr5/memx-const/libc.a(__fmt_o.o)
                0x00000000000014be                __fmt_o_needed
                0x00000000000014be                __fmt_o

.text.__vsnprintf
                0x0000000000001572       0xa4
 .text.__vsnprintf
                0x0000000000001572       0xa4 /Applications/microchip/xc8/v2.41/avr/bin/../lib/gcc/avr/5.4.0/../../../../avr/lib/avr5/memx-const/libc.a(__int_vsnprintf.o)
                0x0000000000001572                __vsnprintf

.text.__fmt_state
                0x0000000000001616       0x9e
 .text.__fmt_state
                0x0000000000001616       0x9e /Applications/microchip/xc8/v2.41/avr/bin/../lib/gcc/avr/5.4.0/../../../../avr/lib/avr5/memx-const/libc.a(__printf_core.o)
                0x0000000000001616                __fmt_state

.text.__vector_18
                0x00000000000016b4       0x96
 .text.__vector_18
                0x00000000000016b4       0x96 build/default/production/uart.o
                0x00000000000016b4                __vector_18

.text.__pad     0x000000000000174a       0x96
 .text.__pad    0x000000000000174a       0x96 /Applications/microchip/xc8/v2.41/avr/bin/../lib/gcc/avr/5.4.0/../../../../avr/lib/avr5/memx-const/libc.a(__printf_core.o)
                0x000000000000174a                __pad

.text.__printf_core
                0x00000000000017e0       0x94
 .text.__printf_core
                0x00000000000017e0       0x94 /Applications/microchip/xc8/v2.41/avr/bin/../lib/gcc/avr/5.4.0/../../../../avr/lib/avr5/memx-const/libc.a(__printf_core.o)
                0x00000000000017e0                __printf_core

.text.fputc     0x0000000000001874       0x92
 .text.fputc    0x0000000000001874       0x92 /Applications/microchip/xc8/v2.41/avr/bin/../lib/gcc/avr/5.4.0/../../../../avr/lib/avr5/memx-const/libc.a(fputc.o)
                0x0000000000001874                putc
                0x0000000000001874                fputc

.text.__fmt_u   0x0000000000001906       0x90
 .text.__fmt_u  0x0000000000001906       0x90 /Applications/microchip/xc8/v2.41/avr/bin/../lib/gcc/avr/5.4.0/../../../../avr/lib/avr5/memx-const/libc.a(__fmt_u.o)
                0x0000000000001906                __fmt_u
                0x0000000000001906                __fmt_u_needed

.text.__fmt_s   0x0000000000001996       0x7a
 .text.__fmt_s  0x0000000000001996       0x7a /Applications/microchip/xc8/v2.41/avr/bin/../lib/gcc/avr/5.4.0/../../../../avr/lib/avr5/memx-const/libc.a(__fmt_s.o)
                0x0000000000001996                __fmt_s_needed
                0x0000000000001996                __fmt_s
                0x0000000000001996                __fmt_0_needed

.text.read_prec_or_width
                0x0000000000001a10       0x78
 .text.read_prec_or_width
                0x0000000000001a10       0x78 /Applications/microchip/xc8/v2.41/avr/bin/../lib/gcc/avr/5.4.0/../../../../avr/lib/avr5/memx-const/libc.a(__printf_core.o)

.text.__out     0x0000000000001a88       0x68
 .text.__out    0x0000000000001a88       0x68 /Applications/microchip/xc8/v2.41/avr/bin/../lib/gcc/avr/5.4.0/../../../../avr/lib/avr5/memx-const/libc.a(__printf_core.o)
                0x0000000000001a88                __out

.text.SendCommandSeq
                0x0000000000001af0       0x64
 .text.SendCommandSeq
                0x0000000000001af0       0x64 build/default/production/tft.o
                0x0000000000001af0                SendCommandSeq

.text.__vector_13
                0x0000000000001b54       0x4e
 .text.__vector_13
                0x0000000000001b54       0x4e build/default/production/main.o
                0x0000000000001b54                __vector_13

.text.libgcc.div
                0x0000000000001ba2       0x44
 .text.libgcc.div
                0x0000000000001ba2       0x44 /Applications/microchip/xc8/v2.41/avr/bin/../lib/gcc/avr/5.4.0/avr5/memx-const/libgcc.a(_udivmodsi4.o)
                0x0000000000001ba2                __udivmodsi4

.text.strcmp    0x0000000000001be6       0x42
 .text.strcmp   0x0000000000001be6       0x42 /Applications/microchip/xc8/v2.41/avr/bin/../lib/gcc/avr/5.4.0/../../../../avr/lib/avr5/memx-const/libc.a(strcmp.o)
                0x0000000000001be6                strcmp

.text.libgcc.prologue
                0x0000000000001c28       0x38
 .text.libgcc.prologue
                0x0000000000001c28       0x38 /Applications/microchip/xc8/v2.41/avr/bin/../lib/gcc/avr/5.4.0/avr5/memx-const/libgcc.a(_prologue.o)
                0x0000000000001c28                __prologue_saves__

.text.__vector_3
                0x0000000000001c60       0x36
 .text.__vector_3
                0x0000000000001c60       0x36 build/default/production/main.o
                0x0000000000001c60                __vector_3

.text.sendStringUART
                0x0000000000001c96       0x36
 .text.sendStringUART
                0x0000000000001c96       0x36 build/default/production/uart.o
                0x0000000000001c96                sendStringUART

.text.libgcc.prologue
                0x0000000000001ccc       0x36
 .text.libgcc.prologue
                0x0000000000001ccc       0x36 /Applications/microchip/xc8/v2.41/avr/bin/../lib/gcc/avr/5.4.0/avr5/memx-const/libgcc.a(_epilogue.o)
                0x0000000000001ccc                __epilogue_restores__

.text.dht11_readBytes
                0x0000000000001d02       0x34
 .text.dht11_readBytes
                0x0000000000001d02       0x34 build/default/production/dht11.o
                0x0000000000001d02                dht11_readBytes

.text.__vfprintf
                0x0000000000001d36       0x30
 .text.__vfprintf
                0x0000000000001d36       0x30 /Applications/microchip/xc8/v2.41/avr/bin/../lib/gcc/avr/5.4.0/../../../../avr/lib/avr5/memx-const/libc.a(__int_vfprintf.o)
                0x0000000000001d36                __vfprintf

.text.compareCommand
                0x0000000000001d66       0x2e
 .text.compareCommand
                0x0000000000001d66       0x2e build/default/production/uart.o
                0x0000000000001d66                compareCommand

.text.strlen    0x0000000000001d94       0x2c
 .text.strlen   0x0000000000001d94       0x2c /Applications/microchip/xc8/v2.41/avr/bin/../lib/gcc/avr/5.4.0/../../../../avr/lib/avr5/memx-const/libc.a(strlen.o)
                0x0000000000001d94                strlen

.text.__wrap_sprintf
                0x0000000000001dc0       0x26
 .text.__wrap_sprintf
                0x0000000000001dc0       0x26 /Applications/microchip/xc8/v2.41/avr/bin/../lib/gcc/avr/5.4.0/../../../../avr/lib/avr5/memx-const/libc.a(__sio_sprintf_doux.o)
                0x0000000000001dc0                _sprintf_cdopuxX

.text.initializeButton
                0x0000000000001de6       0x24
 .text.initializeButton
                0x0000000000001de6       0x24 build/default/production/button.o
                0x0000000000001de6                initializeButton

.text.initializeUART
                0x0000000000001e0a       0x20
 .text.initializeUART
                0x0000000000001e0a       0x20 build/default/production/uart.o
                0x0000000000001e0a                initializeUART

.text.resetDisplay
                0x0000000000001e2a       0x1e
 .text.resetDisplay
                0x0000000000001e2a       0x1e build/default/production/tft.o
                0x0000000000001e2a                resetDisplay

.text.initializeTimer1
                0x0000000000001e48       0x18
 .text.initializeTimer1
                0x0000000000001e48       0x18 build/default/production/timer1.o
                0x0000000000001e48                initializeTimer1

.text.__vsprintf
                0x0000000000001e60       0x18
 .text.__vsprintf
                0x0000000000001e60       0x18 /Applications/microchip/xc8/v2.41/avr/bin/../lib/gcc/avr/5.4.0/../../../../avr/lib/avr5/memx-const/libc.a(__int_vsprintf.o)
                0x0000000000001e60                __vsprintf

.text.exit      0x0000000000001e78       0x16
 .text.exit     0x0000000000001e78       0x16 /Applications/microchip/xc8/v2.41/avr/bin/../lib/gcc/avr/5.4.0/../../../../avr/lib/avr5/memx-const/libc.a(exit.o)
                0x0000000000001e78                exit

.text.TFT_SPI_16BitPixelSend
                0x0000000000001e8e       0x14
 .text.TFT_SPI_16BitPixelSend
                0x0000000000001e8e       0x14 build/default/production/tft.o
                0x0000000000001e8e                TFT_SPI_16BitPixelSend

.text.toupper   0x0000000000001ea2       0x12
 .text.toupper  0x0000000000001ea2       0x12 /Applications/microchip/xc8/v2.41/avr/bin/../lib/gcc/avr/5.4.0/../../../../avr/lib/avr5/memx-const/libc.a(toupper.o)
                0x0000000000001ea2                toupper

.text.transmitUART
                0x0000000000001eb4       0x10
 .text.transmitUART
                0x0000000000001eb4       0x10 build/default/production/uart.o
                0x0000000000001eb4                transmitUART

.text.libgcc    0x0000000000001ec4       0x10
 .text.libgcc   0x0000000000001ec4       0x10 /Applications/microchip/xc8/v2.41/avr/bin/../lib/gcc/avr/5.4.0/avr5/memx-const/libgcc.a(_xload_2.o)
                0x0000000000001ec4                __xload_2

.text.tolower   0x0000000000001ed4       0x10
 .text.tolower  0x0000000000001ed4       0x10 /Applications/microchip/xc8/v2.41/avr/bin/../lib/gcc/avr/5.4.0/../../../../avr/lib/avr5/memx-const/libc.a(tolower.o)
                0x0000000000001ed4                tolower

.text.SPISend8Bit
                0x0000000000001ee4        0xe
 .text.SPISend8Bit
                0x0000000000001ee4        0xe build/default/production/tft.o
                0x0000000000001ee4                SPISend8Bit

.text.SPI_init  0x0000000000001ef2        0xc
 .text.SPI_init
                0x0000000000001ef2        0xc build/default/production/tft.o
                0x0000000000001ef2                SPI_init

.text.libgcc    0x0000000000001efe        0xc
 .text.libgcc   0x0000000000001efe        0xc /Applications/microchip/xc8/v2.41/avr/bin/../lib/gcc/avr/5.4.0/avr5/memx-const/libgcc.a(_tablejump2.o)
                0x0000000000001efe                __tablejump2__

.text           0x0000000000001f0a        0x4
 .text          0x0000000000001f0a        0x4 /Applications/microchip/mplabx/v6.05/packs/Microchip/ATmega_DFP/3.0.158/xc8/avr/lib/avr5/memx-const/crtatmega328p.o
                0x0000000000001f0a                __vector_20
                0x0000000000001f0a                __vector_1
                0x0000000000001f0a                __vector_24
                0x0000000000001f0a                __vector_12
                0x0000000000001f0a                __bad_interrupt
                0x0000000000001f0a                __vector_6
                0x0000000000001f0a                __vector_23
                0x0000000000001f0a                __vector_25
                0x0000000000001f0a                __vector_11
                0x0000000000001f0a                __vector_17
                0x0000000000001f0a                __vector_19
                0x0000000000001f0a                __vector_7
                0x0000000000001f0a                __vector_5
                0x0000000000001f0a                __vector_4
                0x0000000000001f0a                __vector_9
                0x0000000000001f0a                __vector_2
                0x0000000000001f0a                __vector_21
                0x0000000000001f0a                __vector_15
                0x0000000000001f0a                __vector_8
                0x0000000000001f0a                __vector_14
                0x0000000000001f0a                __vector_10
                0x0000000000001f0a                __vector_16
                0x0000000000001f0a                __vector_22

.text.initializeDHT11
                0x0000000000001f0e        0x4
 .text.initializeDHT11
                0x0000000000001f0e        0x4 build/default/production/dht11.o
                0x0000000000001f0e                initializeDHT11

.text.initializeBuzzer
                0x0000000000001f12        0x4
 .text.initializeBuzzer
                0x0000000000001f12        0x4 build/default/production/buzzer.o
                0x0000000000001f12                initializeBuzzer

.text._Exit     0x0000000000001f16        0x4
 .text._Exit    0x0000000000001f16        0x4 /Applications/microchip/xc8/v2.41/avr/bin/../lib/gcc/avr/5.4.0/../../../../avr/lib/avr5/memx-const/libc.a(_Exit.o)
                0x0000000000001f16                _Exit

.text.__dummy_fini
                0x0000000000001f1a        0x2
 .text.__dummy_fini
                0x0000000000001f1a        0x2 /Applications/microchip/xc8/v2.41/avr/bin/../lib/gcc/avr/5.4.0/../../../../avr/lib/avr5/memx-const/libc.a(exit.o)
                0x0000000000001f1a                _fini

.text.__dummy_funcs_on_exit
                0x0000000000001f1c        0x2
 .text.__dummy_funcs_on_exit
                0x0000000000001f1c        0x2 /Applications/microchip/xc8/v2.41/avr/bin/../lib/gcc/avr/5.4.0/../../../../avr/lib/avr5/memx-const/libc.a(exit.o)
                0x0000000000001f1c                __funcs_on_exit

.text.__dummy_simulator_exit
                0x0000000000001f1e        0x2
 .text.__dummy_simulator_exit
                0x0000000000001f1e        0x2 /Applications/microchip/xc8/v2.41/avr/bin/../lib/gcc/avr/5.4.0/../../../../avr/lib/avr5/memx-const/libc.a(exit.o)
                0x0000000000001f1e                __simulator_exit

.rodata         0x0000000000800102       0x52 load address 0x0000000000001f20
 .rodata        0x0000000000800102       0x52 build/default/production/tft.o
