Archive member included to satisfy reference by file (symbol)

/Applications/microchip/xc8/v2.41/avr/bin/../lib/gcc/avr/5.4.0/avr5/memx-const/libgcc.a(_tablejump2.o)
                              build/default/production/tft.o (__tablejump2__)
/Applications/microchip/xc8/v2.41/avr/bin/../lib/gcc/avr/5.4.0/avr5/memx-const/libgcc.a(_copy_data.o)
                              build/default/production/tft.o (__do_copy_data)
/Applications/microchip/xc8/v2.41/avr/bin/../lib/gcc/avr/5.4.0/avr5/memx-const/libgcc.a(_xload_2.o)
                              build/default/production/tft.o (__xload_2)
/Applications/microchip/xc8/v2.41/avr/bin/../lib/gcc/avr/5.4.0/../../../../avr/lib/avr5/memx-const/libc.a(exit.o)
                              /Applications/microchip/mplabx/v6.05/packs/Microchip/ATmega_DFP/3.0.158/xc8/avr/lib/avr5/memx-const/crtatmega328p.o (exit)
/Applications/microchip/xc8/v2.41/avr/bin/../lib/gcc/avr/5.4.0/../../../../avr/lib/avr5/memx-const/libc.a(strcmp.o)
                              build/default/production/uart.o (strcmp)
/Applications/microchip/xc8/v2.41/avr/bin/../lib/gcc/avr/5.4.0/../../../../avr/lib/avr5/memx-const/libc.a(_Exit.o)
                              /Applications/microchip/xc8/v2.41/avr/bin/../lib/gcc/avr/5.4.0/../../../../avr/lib/avr5/memx-const/libc.a(exit.o) (_Exit)
/Applications/microchip/xc8/v2.41/avr/bin/../lib/gcc/avr/5.4.0/avr5/memx-const/libgcc.a(_exit.o)
                              /Applications/microchip/xc8/v2.41/avr/bin/../lib/gcc/avr/5.4.0/../../../../avr/lib/avr5/memx-const/libc.a(_Exit.o) (_exit)

Discarded input sections

 .data          0x0000000000000000        0x0 /Applications/microchip/mplabx/v6.05/packs/Microchip/ATmega_DFP/3.0.158/xc8/avr/lib/avr5/memx-const/crtatmega328p.o
 .bss           0x0000000000000000        0x0 /Applications/microchip/mplabx/v6.05/packs/Microchip/ATmega_DFP/3.0.158/xc8/avr/lib/avr5/memx-const/crtatmega328p.o
 .text          0x0000000000000000        0x0 build/default/production/main.o
 .data          0x0000000000000000        0x0 build/default/production/main.o
 .bss           0x0000000000000000        0x0 build/default/production/main.o
 .text          0x0000000000000000        0x0 build/default/production/dht11.o
 .data          0x0000000000000000        0x0 build/default/production/dht11.o
 .bss           0x0000000000000000        0x0 build/default/production/dht11.o
 .text.dht11_init
                0x0000000000000000        0x4 build/default/production/dht11.o
 .text.dht11_readBytes
                0x0000000000000000       0x34 build/default/production/dht11.o
 .text.dht11_getData
                0x0000000000000000       0xc2 build/default/production/dht11.o
 .debug_info    0x0000000000000000      0x4b7 build/default/production/dht11.o
 .debug_abbrev  0x0000000000000000      0x187 build/default/production/dht11.o
 .debug_loc     0x0000000000000000      0x1dc build/default/production/dht11.o
 .debug_aranges
                0x0000000000000000       0x30 build/default/production/dht11.o
 .debug_ranges  0x0000000000000000       0x20 build/default/production/dht11.o
 .debug_line    0x0000000000000000      0x1a6 build/default/production/dht11.o
 .debug_str     0x0000000000000000       0x26 build/default/production/dht11.o
 .comment       0x0000000000000000       0x30 build/default/production/dht11.o
 .debug_frame   0x0000000000000000       0x7c build/default/production/dht11.o
 .text          0x0000000000000000        0x0 build/default/production/buzzer.o
 .data          0x0000000000000000        0x0 build/default/production/buzzer.o
 .bss           0x0000000000000000        0x0 build/default/production/buzzer.o
 .text          0x0000000000000000        0x0 build/default/production/button.o
 .data          0x0000000000000000        0x0 build/default/production/button.o
 .bss           0x0000000000000000        0x0 build/default/production/button.o
 .text          0x0000000000000000        0x0 build/default/production/timer1.o
 .data          0x0000000000000000        0x0 build/default/production/timer1.o
 .bss           0x0000000000000000        0x0 build/default/production/timer1.o
 .text          0x0000000000000000        0x0 build/default/production/tft.o
 .data          0x0000000000000000        0x0 build/default/production/tft.o
 .bss           0x0000000000000000        0x0 build/default/production/tft.o
 .text.SPI_init
                0x0000000000000000        0xc build/default/production/tft.o
 .text.SPISend8Bit
                0x0000000000000000        0xe build/default/production/tft.o
 .text.SendCommandSeq
                0x0000000000000000       0x64 build/default/production/tft.o
 .rodata        0x0000000000000000       0x52 build/default/production/tft.o
 .text.Display_init
                0x0000000000000000       0xf6 build/default/production/tft.o
 .text.TFT_Window
                0x0000000000000000      0x126 build/default/production/tft.o
 .text.TFT_SPI_16BitPixelSend
                0x0000000000000000       0x14 build/default/production/tft.o
 .text.TFT_Print
                0x0000000000000000      0x246 build/default/production/tft.o
 .progmem.gcc_sw_table.TFT_Print
                0x0000000000000000       0x9a build/default/production/tft.o
 .progmemx.data.Font
                0x0000000000000000      0x338 build/default/production/tft.o
 .debug_info    0x0000000000000000      0x91b build/default/production/tft.o
 .debug_abbrev  0x0000000000000000      0x19f build/default/production/tft.o
 .debug_loc     0x0000000000000000      0x7c7 build/default/production/tft.o
 .debug_aranges
                0x0000000000000000       0x50 build/default/production/tft.o
 .debug_ranges  0x0000000000000000       0x40 build/default/production/tft.o
 .debug_line    0x0000000000000000      0x3dd build/default/production/tft.o
 .debug_str     0x0000000000000000        0x0 build/default/production/tft.o
 .comment       0x0000000000000000       0x30 build/default/production/tft.o
 .debug_frame   0x0000000000000000      0x134 build/default/production/tft.o
 .text          0x0000000000000000        0x0 build/default/production/uart.o
 .data          0x0000000000000000        0x0 build/default/production/uart.o
 .bss           0x0000000000000000        0x0 build/default/production/uart.o
 .text.transmitUART
                0x0000000000000000       0x10 build/default/production/uart.o
 .text.sendStringUART
                0x0000000000000000       0x36 build/default/production/uart.o
 .text          0x0000000000000000        0x0 /Applications/microchip/xc8/v2.41/avr/bin/../lib/gcc/avr/5.4.0/avr5/memx-const/libgcc.a(_tablejump2.o)
 .data          0x0000000000000000        0x0 /Applications/microchip/xc8/v2.41/avr/bin/../lib/gcc/avr/5.4.0/avr5/memx-const/libgcc.a(_tablejump2.o)
 .bss           0x0000000000000000        0x0 /Applications/microchip/xc8/v2.41/avr/bin/../lib/gcc/avr/5.4.0/avr5/memx-const/libgcc.a(_tablejump2.o)
 .text.libgcc.mul
                0x0000000000000000        0x0 /Applications/microchip/xc8/v2.41/avr/bin/../lib/gcc/avr/5.4.0/avr5/memx-const/libgcc.a(_tablejump2.o)
 .text.libgcc.div
                0x0000000000000000        0x0 /Applications/microchip/xc8/v2.41/avr/bin/../lib/gcc/avr/5.4.0/avr5/memx-const/libgcc.a(_tablejump2.o)
 .text.libgcc   0x0000000000000000        0xc /Applications/microchip/xc8/v2.41/avr/bin/../lib/gcc/avr/5.4.0/avr5/memx-const/libgcc.a(_tablejump2.o)
 .text.libgcc.prologue
                0x0000000000000000        0x0 /Applications/microchip/xc8/v2.41/avr/bin/../lib/gcc/avr/5.4.0/avr5/memx-const/libgcc.a(_tablejump2.o)
 .stack.descriptors.hdr
                0x0000000000000000        0xe /Applications/microchip/xc8/v2.41/avr/bin/../lib/gcc/avr/5.4.0/avr5/memx-const/libgcc.a(_tablejump2.o)
 .stack.descriptors
                0x0000000000000000       0x1c /Applications/microchip/xc8/v2.41/avr/bin/../lib/gcc/avr/5.4.0/avr5/memx-const/libgcc.a(_tablejump2.o)
 .text.libgcc.builtins
                0x0000000000000000        0x0 /Applications/microchip/xc8/v2.41/avr/bin/../lib/gcc/avr/5.4.0/avr5/memx-const/libgcc.a(_tablejump2.o)
 .text.libgcc.fmul
                0x0000000000000000        0x0 /Applications/microchip/xc8/v2.41/avr/bin/../lib/gcc/avr/5.4.0/avr5/memx-const/libgcc.a(_tablejump2.o)
 .text.libgcc.fixed
                0x0000000000000000        0x0 /Applications/microchip/xc8/v2.41/avr/bin/../lib/gcc/avr/5.4.0/avr5/memx-const/libgcc.a(_tablejump2.o)
 .text          0x0000000000000000        0x0 /Applications/microchip/xc8/v2.41/avr/bin/../lib/gcc/avr/5.4.0/avr5/memx-const/libgcc.a(_copy_data.o)
 .data          0x0000000000000000        0x0 /Applications/microchip/xc8/v2.41/avr/bin/../lib/gcc/avr/5.4.0/avr5/memx-const/libgcc.a(_copy_data.o)
 .bss           0x0000000000000000        0x0 /Applications/microchip/xc8/v2.41/avr/bin/../lib/gcc/avr/5.4.0/avr5/memx-const/libgcc.a(_copy_data.o)
 .text.libgcc.mul
                0x0000000000000000        0x0 /Applications/microchip/xc8/v2.41/avr/bin/../lib/gcc/avr/5.4.0/avr5/memx-const/libgcc.a(_copy_data.o)
 .text.libgcc.div
                0x0000000000000000        0x0 /Applications/microchip/xc8/v2.41/avr/bin/../lib/gcc/avr/5.4.0/avr5/memx-const/libgcc.a(_copy_data.o)
 .text.libgcc   0x0000000000000000        0x0 /Applications/microchip/xc8/v2.41/avr/bin/../lib/gcc/avr/5.4.0/avr5/memx-const/libgcc.a(_copy_data.o)
 .text.libgcc.prologue
                0x0000000000000000        0x0 /Applications/microchip/xc8/v2.41/avr/bin/../lib/gcc/avr/5.4.0/avr5/memx-const/libgcc.a(_copy_data.o)
 .text.libgcc.builtins
                0x0000000000000000        0x0 /Applications/microchip/xc8/v2.41/avr/bin/../lib/gcc/avr/5.4.0/avr5/memx-const/libgcc.a(_copy_data.o)
 .text.libgcc.fmul
                0x0000000000000000        0x0 /Applications/microchip/xc8/v2.41/avr/bin/../lib/gcc/avr/5.4.0/avr5/memx-const/libgcc.a(_copy_data.o)
 .text.libgcc.fixed
                0x0000000000000000        0x0 /Applications/microchip/xc8/v2.41/avr/bin/../lib/gcc/avr/5.4.0/avr5/memx-const/libgcc.a(_copy_data.o)
 .text          0x0000000000000000        0x0 /Applications/microchip/xc8/v2.41/avr/bin/../lib/gcc/avr/5.4.0/avr5/memx-const/libgcc.a(_xload_2.o)
 .data          0x0000000000000000        0x0 /Applications/microchip/xc8/v2.41/avr/bin/../lib/gcc/avr/5.4.0/avr5/memx-const/libgcc.a(_xload_2.o)
 .bss           0x0000000000000000        0x0 /Applications/microchip/xc8/v2.41/avr/bin/../lib/gcc/avr/5.4.0/avr5/memx-const/libgcc.a(_xload_2.o)
 .text.libgcc.mul
                0x0000000000000000        0x0 /Applications/microchip/xc8/v2.41/avr/bin/../lib/gcc/avr/5.4.0/avr5/memx-const/libgcc.a(_xload_2.o)
 .text.libgcc.div
                0x0000000000000000        0x0 /Applications/microchip/xc8/v2.41/avr/bin/../lib/gcc/avr/5.4.0/avr5/memx-const/libgcc.a(_xload_2.o)
 .text.libgcc   0x0000000000000000       0x10 /Applications/microchip/xc8/v2.41/avr/bin/../lib/gcc/avr/5.4.0/avr5/memx-const/libgcc.a(_xload_2.o)
 .text.libgcc.prologue
                0x0000000000000000        0x0 /Applications/microchip/xc8/v2.41/avr/bin/../lib/gcc/avr/5.4.0/avr5/memx-const/libgcc.a(_xload_2.o)
 .stack.descriptors.hdr
                0x0000000000000000        0xe /Applications/microchip/xc8/v2.41/avr/bin/../lib/gcc/avr/5.4.0/avr5/memx-const/libgcc.a(_xload_2.o)
 .stack.descriptors
                0x0000000000000000       0x17 /Applications/microchip/xc8/v2.41/avr/bin/../lib/gcc/avr/5.4.0/avr5/memx-const/libgcc.a(_xload_2.o)
 .text.libgcc.builtins
                0x0000000000000000        0x0 /Applications/microchip/xc8/v2.41/avr/bin/../lib/gcc/avr/5.4.0/avr5/memx-const/libgcc.a(_xload_2.o)
 .text.libgcc.fmul
                0x0000000000000000        0x0 /Applications/microchip/xc8/v2.41/avr/bin/../lib/gcc/avr/5.4.0/avr5/memx-const/libgcc.a(_xload_2.o)
 .text.libgcc.fixed
                0x0000000000000000        0x0 /Applications/microchip/xc8/v2.41/avr/bin/../lib/gcc/avr/5.4.0/avr5/memx-const/libgcc.a(_xload_2.o)
 .text          0x0000000000000000        0x0 /Applications/microchip/xc8/v2.41/avr/bin/../lib/gcc/avr/5.4.0/../../../../avr/lib/avr5/memx-const/libc.a(exit.o)
 .data          0x0000000000000000        0x0 /Applications/microchip/xc8/v2.41/avr/bin/../lib/gcc/avr/5.4.0/../../../../avr/lib/avr5/memx-const/libc.a(exit.o)
 .bss           0x0000000000000000        0x0 /Applications/microchip/xc8/v2.41/avr/bin/../lib/gcc/avr/5.4.0/../../../../avr/lib/avr5/memx-const/libc.a(exit.o)
 .stack.descriptors
                0x0000000000000000       0x73 /Applications/microchip/xc8/v2.41/avr/bin/../lib/gcc/avr/5.4.0/../../../../avr/lib/avr5/memx-const/libc.a(exit.o)
 .text          0x0000000000000000        0x0 /Applications/microchip/xc8/v2.41/avr/bin/../lib/gcc/avr/5.4.0/../../../../avr/lib/avr5/memx-const/libc.a(strcmp.o)
 .data          0x0000000000000000        0x0 /Applications/microchip/xc8/v2.41/avr/bin/../lib/gcc/avr/5.4.0/../../../../avr/lib/avr5/memx-const/libc.a(strcmp.o)
 .bss           0x0000000000000000        0x0 /Applications/microchip/xc8/v2.41/avr/bin/../lib/gcc/avr/5.4.0/../../../../avr/lib/avr5/memx-const/libc.a(strcmp.o)
 .stack.descriptors
                0x0000000000000000       0x14 /Applications/microchip/xc8/v2.41/avr/bin/../lib/gcc/avr/5.4.0/../../../../avr/lib/avr5/memx-const/libc.a(strcmp.o)
 .text          0x0000000000000000        0x0 /Applications/microchip/xc8/v2.41/avr/bin/../lib/gcc/avr/5.4.0/../../../../avr/lib/avr5/memx-const/libc.a(_Exit.o)
 .data          0x0000000000000000        0x0 /Applications/microchip/xc8/v2.41/avr/bin/../lib/gcc/avr/5.4.0/../../../../avr/lib/avr5/memx-const/libc.a(_Exit.o)
 .bss           0x0000000000000000        0x0 /Applications/microchip/xc8/v2.41/avr/bin/../lib/gcc/avr/5.4.0/../../../../avr/lib/avr5/memx-const/libc.a(_Exit.o)
 .stack.descriptors
                0x0000000000000000       0x13 /Applications/microchip/xc8/v2.41/avr/bin/../lib/gcc/avr/5.4.0/../../../../avr/lib/avr5/memx-const/libc.a(_Exit.o)
 .text          0x0000000000000000        0x0 /Applications/microchip/xc8/v2.41/avr/bin/../lib/gcc/avr/5.4.0/avr5/memx-const/libgcc.a(_exit.o)
 .data          0x0000000000000000        0x0 /Applications/microchip/xc8/v2.41/avr/bin/../lib/gcc/avr/5.4.0/avr5/memx-const/libgcc.a(_exit.o)
 .bss           0x0000000000000000        0x0 /Applications/microchip/xc8/v2.41/avr/bin/../lib/gcc/avr/5.4.0/avr5/memx-const/libgcc.a(_exit.o)
 .text.libgcc.mul
                0x0000000000000000        0x0 /Applications/microchip/xc8/v2.41/avr/bin/../lib/gcc/avr/5.4.0/avr5/memx-const/libgcc.a(_exit.o)
 .text.libgcc.div
                0x0000000000000000        0x0 /Applications/microchip/xc8/v2.41/avr/bin/../lib/gcc/avr/5.4.0/avr5/memx-const/libgcc.a(_exit.o)
 .text.libgcc   0x0000000000000000        0x0 /Applications/microchip/xc8/v2.41/avr/bin/../lib/gcc/avr/5.4.0/avr5/memx-const/libgcc.a(_exit.o)
 .text.libgcc.prologue
                0x0000000000000000        0x0 /Applications/microchip/xc8/v2.41/avr/bin/../lib/gcc/avr/5.4.0/avr5/memx-const/libgcc.a(_exit.o)
 .stack.descriptors
                0x0000000000000000       0x13 /Applications/microchip/xc8/v2.41/avr/bin/../lib/gcc/avr/5.4.0/avr5/memx-const/libgcc.a(_exit.o)
 .text.libgcc.builtins
                0x0000000000000000        0x0 /Applications/microchip/xc8/v2.41/avr/bin/../lib/gcc/avr/5.4.0/avr5/memx-const/libgcc.a(_exit.o)
 .text.libgcc.fmul
                0x0000000000000000        0x0 /Applications/microchip/xc8/v2.41/avr/bin/../lib/gcc/avr/5.4.0/avr5/memx-const/libgcc.a(_exit.o)
 .text.libgcc.fixed
                0x0000000000000000        0x0 /Applications/microchip/xc8/v2.41/avr/bin/../lib/gcc/avr/5.4.0/avr5/memx-const/libgcc.a(_exit.o)

Memory Configuration

Name             Origin             Length             Attributes
text             0x0000000000000000 0x0000000000008000 xr
data             0x0000000000800100 0x0000000000000800 rw !x
eeprom           0x0000000000810000 0x0000000000000400 rw !x
fuse             0x0000000000820000 0x0000000000000003 rw !x
lock             0x0000000000830000 0x0000000000000400 rw !x
signature        0x0000000000840000 0x0000000000000400 rw !x
user_signatures  0x0000000000850000 0x0000000000000400 rw !x
bootrow          0x0000000000860000 0x0000000000000400 rw !x
*default*        0x0000000000000000 0xffffffffffffffff

Linker script and memory map

Address of section .data set to 0x800100
LOAD /Applications/microchip/mplabx/v6.05/packs/Microchip/ATmega_DFP/3.0.158/xc8/avr/lib/avr5/memx-const/crtatmega328p.o
                0x0000000000000001                __MPLAB_BUILD = 0x1
LOAD build/default/production/main.o
LOAD build/default/production/dht11.o
LOAD build/default/production/buzzer.o
LOAD build/default/production/button.o
LOAD build/default/production/timer1.o
LOAD build/default/production/tft.o
LOAD build/default/production/uart.o
START GROUP
LOAD /Applications/microchip/xc8/v2.41/avr/bin/../lib/gcc/avr/5.4.0/../../../../avr/lib/avr5/memx-const/libm.a
END GROUP
START GROUP
LOAD /Applications/microchip/xc8/v2.41/avr/bin/../lib/gcc/avr/5.4.0/avr5/memx-const/libgcc.a
LOAD /Applications/microchip/xc8/v2.41/avr/bin/../lib/gcc/avr/5.4.0/../../../../avr/lib/avr5/memx-const/libm.a
LOAD /Applications/microchip/xc8/v2.41/avr/bin/../lib/gcc/avr/5.4.0/../../../../avr/lib/avr5/memx-const/libc.a
LOAD /Applications/microchip/mplabx/v6.05/packs/Microchip/ATmega_DFP/3.0.158/xc8/avr/lib/avr5/memx-const/libatmega328p.a
END GROUP
                0x0000000000000000                __TEXT_REGION_ORIGIN__ = DEFINED (__TEXT_REGION_ORIGIN__)?__TEXT_REGION_ORIGIN__:0x0
                [0x0000000000800100]                __DATA_REGION_ORIGIN__ = DEFINED (__DATA_REGION_ORIGIN__)?__DATA_REGION_ORIGIN__:0x800060
                [0x0000000000008000]                __TEXT_REGION_LENGTH__ = DEFINED (__TEXT_REGION_LENGTH__)?__TEXT_REGION_LENGTH__:0x20000
                [0x0000000000000800]                __DATA_REGION_LENGTH__ = DEFINED (__DATA_REGION_LENGTH__)?__DATA_REGION_LENGTH__:0xffa0
                [0x0000000000000400]                __EEPROM_REGION_LENGTH__ = DEFINED (__EEPROM_REGION_LENGTH__)?__EEPROM_REGION_LENGTH__:0x10000
                [0x0000000000000003]                __FUSE_REGION_LENGTH__ = DEFINED (__FUSE_REGION_LENGTH__)?__FUSE_REGION_LENGTH__:0x400
                0x0000000000000400                __LOCK_REGION_LENGTH__ = DEFINED (__LOCK_REGION_LENGTH__)?__LOCK_REGION_LENGTH__:0x400
                0x0000000000000400                __SIGNATURE_REGION_LENGTH__ = DEFINED (__SIGNATURE_REGION_LENGTH__)?__SIGNATURE_REGION_LENGTH__:0x400
                0x0000000000000400                __USER_SIGNATURE_REGION_LENGTH__ = DEFINED (__USER_SIGNATURE_REGION_LENGTH__)?__USER_SIGNATURE_REGION_LENGTH__:0x400
                0x0000000000000400                __BOOTROW_REGION_LENGTH__ = DEFINED (__BOOTROW_REGION_LENGTH__)?__BOOTROW_REGION_LENGTH__:0x400

.hash
 *(.hash)

.dynsym
 *(.dynsym)

.dynstr
 *(.dynstr)

.gnu.version
 *(.gnu.version)

.gnu.version_d
 *(.gnu.version_d)

.gnu.version_r
 *(.gnu.version_r)

.rel.init
 *(.rel.init)

.rela.init
 *(.rela.init)

.rel.text
 *(.rel.text)
 *(.rel.text.*)
 *(.rel.gnu.linkonce.t*)

.rela.text
 *(.rela.text)
 *(.rela.text.*)
 *(.rela.gnu.linkonce.t*)

.rel.fini
 *(.rel.fini)

.rela.fini
 *(.rela.fini)

.rel.rodata
 *(.rel.rodata)
 *(.rel.rodata.*)
 *(.rel.gnu.linkonce.r*)

.rela.rodata
 *(.rela.rodata)
 *(.rela.rodata.*)
 *(.rela.gnu.linkonce.r*)

.rel.data
 *(.rel.data)
 *(.rel.data.*)
 *(.rel.gnu.linkonce.d*)

.rela.data
 *(.rela.data)
 *(.rela.data.*)
 *(.rela.gnu.linkonce.d*)

.rel.ctors
 *(.rel.ctors)

.rela.ctors
 *(.rela.ctors)

.rel.dtors
 *(.rel.dtors)

.rela.dtors
 *(.rela.dtors)

.rel.got
 *(.rel.got)

.rela.got
 *(.rela.got)

.rel.bss
 *(.rel.bss)

.rela.bss
 *(.rela.bss)

.rel.plt
 *(.rel.plt)

.rela.plt
 *(.rela.plt)

.text           0x0000000000000000       0xc2
 *(.vectors)
 .vectors       0x0000000000000000       0x68 /Applications/microchip/mplabx/v6.05/packs/Microchip/ATmega_DFP/3.0.158/xc8/avr/lib/avr5/memx-const/crtatmega328p.o
                0x0000000000000000                __vectors
                0x0000000000000000                __vector_default
 *(.vectors)
 *(.progmem.gcc*)
 *(.dinit)
 .dinit         0x0000000000000068        0x5 data_init
                0x000000000000006e                . = ALIGN (0x2)
 *fill*         0x000000000000006d        0x1 
                0x000000000000006e                __trampolines_start = .
 *(.trampolines)
 .trampolines   0x000000000000006e        0x0 linker stubs
 *(.trampolines*)
                0x000000000000006e                __trampolines_end = .
 *libprintf_flt.a:*(.progmem.data)
 *libc.a:*(.progmem.data)
                0x000000000000006e                . = ALIGN (0x2)
 *(.jumptables)
 *(.jumptables*)
 *(.lowtext)
 *(.lowtext*)
                0x000000000000006e                __ctors_start = .
 *(.ctors)
                0x000000000000006e                __ctors_end = .
                0x000000000000006e                __dtors_start = .
 *(.dtors)
                0x000000000000006e                __dtors_end = .
 SORT(*)(.ctors)
 SORT(*)(.dtors)
 *(.init0)
 .init0         0x000000000000006e        0x0 /Applications/microchip/mplabx/v6.05/packs/Microchip/ATmega_DFP/3.0.158/xc8/avr/lib/avr5/memx-const/crtatmega328p.o
                0x000000000000006e                __init
 *(.init0)
 *(.init1)
 *(.init1)
 *(.init2)
 .init2         0x000000000000006e        0xc /Applications/microchip/mplabx/v6.05/packs/Microchip/ATmega_DFP/3.0.158/xc8/avr/lib/avr5/memx-const/crtatmega328p.o
 *(.init2)
 *(.init3)
 *(.init3)
 *(.init4)
 .init4         0x000000000000007a       0x3c /Applications/microchip/xc8/v2.41/avr/bin/../lib/gcc/avr/5.4.0/avr5/memx-const/libgcc.a(_copy_data.o)
                0x000000000000007a                __do_copy_data
                0x00000000000000a8                __do_clear_bss
 *(.init4)
 *(.init5)
 *(.init5)
 *(.init6)
 *(.init6)
 *(.init7)
 *(.init7)
 *(.init8)
 *(.init8)
 *(.init9)
 .init9         0x00000000000000b6        0x8 /Applications/microchip/mplabx/v6.05/packs/Microchip/ATmega_DFP/3.0.158/xc8/avr/lib/avr5/memx-const/crtatmega328p.o
 *(.init9)
                0x00000000000000be                . = ALIGN (0x2)
 *(.fini9)
 .fini9         0x00000000000000be        0x0 /Applications/microchip/xc8/v2.41/avr/bin/../lib/gcc/avr/5.4.0/avr5/memx-const/libgcc.a(_exit.o)
                0x00000000000000be                _exit
 *(.fini9)
 *(.fini8)
 *(.fini8)
 *(.fini7)
 *(.fini7)
 *(.fini6)
 *(.fini6)
 *(.fini5)
 *(.fini5)
 *(.fini4)
 *(.fini4)
 *(.fini3)
 *(.fini3)
 *(.fini2)
 *(.fini2)
 *(.fini1)
 *(.fini1)
 *(.fini0)
 .fini0         0x00000000000000be        0x4 /Applications/microchip/xc8/v2.41/avr/bin/../lib/gcc/avr/5.4.0/avr5/memx-const/libgcc.a(_exit.o)
 *(.fini0)
                0x00000000000000c2                _etext = .

.data           0x0000000000800100        0x0 load address 0x00000000000000c2
                [!provide]                        PROVIDE (__data_start, .)
 *(.gnu.linkonce.d*)
 *(.gnu.linkonce.r*)
                0x0000000000800100                . = ALIGN (0x2)
                0x0000000000800100                _edata = .
                [!provide]                        PROVIDE (__data_end, .)

.bss            0x0000000000800100        0x0
                [!provide]                        PROVIDE (__bss_start, .)
 *(COMMON)
                [!provide]                        PROVIDE (__bss_end, .)
                0x00000000000000c2                __data_load_start = LOADADDR (.data)
                0x00000000000000c2                __data_load_end = (__data_load_start + SIZEOF (.data))

.noinit         0x0000000000800100        0x0
                [!provide]                        PROVIDE (__noinit_start, .)
 *(.noinit*)
                [!provide]                        PROVIDE (__noinit_end, .)
                0x0000000000800100                _end = .

.eeprom         0x0000000000810000        0x0
 *(.eeprom*)
                0x0000000000810000                __eeprom_end = .

.fuse
 *(.fuse)
 *(.lfuse)
 *(.hfuse)
 *(.efuse)

.lock
 *(.lock*)

.signature
 *(.signature*)

.user_signatures
 *(.user_signatures*)

.bootrow
 *(.bootrow*)

.stab
 *(.stab)

.stabstr
 *(.stabstr)

.stab.excl
 *(.stab.excl)

.stab.exclstr
 *(.stab.exclstr)

.stab.index
 *(.stab.index)

.stab.indexstr
 *(.stab.indexstr)

.comment        0x0000000000000000       0x5b
 *(.comment)
 .comment       0x0000000000000000       0x2f build/default/production/main.o
                                         0x30 (size before relaxing)
 .comment       0x000000000000002f       0x30 build/default/production/buzzer.o
 .comment       0x000000000000002f       0x30 build/default/production/button.o
 .comment       0x000000000000002f       0x30 build/default/production/timer1.o
 .comment       0x000000000000002f       0x30 build/default/production/uart.o
 .comment       0x000000000000002f       0x2c /Applications/microchip/xc8/v2.41/avr/bin/../lib/gcc/avr/5.4.0/../../../../avr/lib/avr5/memx-const/libc.a(exit.o)
                                         0x2d (size before relaxing)
 .comment       0x000000000000005b       0x2d /Applications/microchip/xc8/v2.41/avr/bin/../lib/gcc/avr/5.4.0/../../../../avr/lib/avr5/memx-const/libc.a(strcmp.o)
 .comment       0x000000000000005b       0x2d /Applications/microchip/xc8/v2.41/avr/bin/../lib/gcc/avr/5.4.0/../../../../avr/lib/avr5/memx-const/libc.a(_Exit.o)

.stack.descriptors.hdr
                0x0000000000000000       0x38
 .stack.descriptors.hdr
                0x0000000000000000        0xe /Applications/microchip/xc8/v2.41/avr/bin/../lib/gcc/avr/5.4.0/../../../../avr/lib/avr5/memx-const/libc.a(exit.o)
 .stack.descriptors.hdr
                0x000000000000000e        0xe /Applications/microchip/xc8/v2.41/avr/bin/../lib/gcc/avr/5.4.0/../../../../avr/lib/avr5/memx-const/libc.a(strcmp.o)
 .stack.descriptors.hdr
                0x000000000000001c        0xe /Applications/microchip/xc8/v2.41/avr/bin/../lib/gcc/avr/5.4.0/../../../../avr/lib/avr5/memx-const/libc.a(_Exit.o)
 .stack.descriptors.hdr
                0x000000000000002a        0xe /Applications/microchip/xc8/v2.41/avr/bin/../lib/gcc/avr/5.4.0/avr5/memx-const/libgcc.a(_exit.o)

.note.GNU-stack
                0x0000000000000000        0x0
 .note.GNU-stack
                0x0000000000000000        0x0 /Applications/microchip/xc8/v2.41/avr/bin/../lib/gcc/avr/5.4.0/../../../../avr/lib/avr5/memx-const/libc.a(exit.o)
 .note.GNU-stack
                0x0000000000000000        0x0 /Applications/microchip/xc8/v2.41/avr/bin/../lib/gcc/avr/5.4.0/../../../../avr/lib/avr5/memx-const/libc.a(strcmp.o)
 .note.GNU-stack
                0x0000000000000000        0x0 /Applications/microchip/xc8/v2.41/avr/bin/../lib/gcc/avr/5.4.0/../../../../avr/lib/avr5/memx-const/libc.a(_Exit.o)

.note.gnu.build-id
 *(.note.gnu.build-id)

.debug
 *(.debug)

.line
 *(.line)

.debug_srcinfo
 *(.debug_srcinfo)

.debug_sfnames
 *(.debug_sfnames)

.debug_aranges  0x0000000000000000       0xd0
 *(.debug_aranges)
 .debug_aranges
                0x0000000000000000       0x30 build/default/production/main.o
 .debug_aranges
                0x0000000000000030       0x20 build/default/production/buzzer.o
 .debug_aranges
                0x0000000000000050       0x20 build/default/production/button.o
 .debug_aranges
                0x0000000000000070       0x20 build/default/production/timer1.o
 .debug_aranges
                0x0000000000000090       0x40 build/default/production/uart.o

.debug_pubnames
 *(.debug_pubnames)

.debug_info     0x0000000000000000     0x14ac
 *(.debug_info .gnu.linkonce.wi.*)
 .debug_info    0x0000000000000000      0x5f4 /Applications/microchip/mplabx/v6.05/packs/Microchip/ATmega_DFP/3.0.158/xc8/avr/lib/avr5/memx-const/crtatmega328p.o
 .debug_info    0x00000000000005f4      0x32f build/default/production/main.o
 .debug_info    0x0000000000000923      0x270 build/default/production/buzzer.o
 .debug_info    0x0000000000000b93      0x270 build/default/production/button.o
 .debug_info    0x0000000000000e03      0x280 build/default/production/timer1.o
 .debug_info    0x0000000000001083      0x429 build/default/production/uart.o

.debug_abbrev   0x0000000000000000      0x817
 *(.debug_abbrev)
 .debug_abbrev  0x0000000000000000      0x5a2 /Applications/microchip/mplabx/v6.05/packs/Microchip/ATmega_DFP/3.0.158/xc8/avr/lib/avr5/memx-const/crtatmega328p.o
 .debug_abbrev  0x00000000000005a2       0x98 build/default/production/main.o
 .debug_abbrev  0x000000000000063a       0x44 build/default/production/buzzer.o
 .debug_abbrev  0x000000000000067e       0x44 build/default/production/button.o
 .debug_abbrev  0x00000000000006c2       0x44 build/default/production/timer1.o
 .debug_abbrev  0x0000000000000706      0x111 build/default/production/uart.o

.debug_line     0x0000000000000000      0x5d0
 *(.debug_line .debug_line.* .debug_line_end)
 .debug_line    0x0000000000000000      0x137 /Applications/microchip/mplabx/v6.05/packs/Microchip/ATmega_DFP/3.0.158/xc8/avr/lib/avr5/memx-const/crtatmega328p.o
 .debug_line    0x0000000000000137      0x12e build/default/production/main.o
 .debug_line    0x0000000000000265       0x81 build/default/production/buzzer.o
 .debug_line    0x00000000000002e6       0x93 build/default/production/button.o
 .debug_line    0x0000000000000379       0x87 build/default/production/timer1.o
 .debug_line    0x0000000000000400      0x1d0 build/default/production/uart.o

.debug_frame    0x0000000000000000      0x19c
 *(.debug_frame)
 .debug_frame   0x0000000000000000       0x64 build/default/production/main.o
 .debug_frame   0x0000000000000064       0x24 build/default/production/buzzer.o
 .debug_frame   0x0000000000000088       0x24 build/default/production/button.o
 .debug_frame   0x00000000000000ac       0x24 build/default/production/timer1.o
 .debug_frame   0x00000000000000d0       0xcc build/default/production/uart.o

.debug_str      0x0000000000000000      0x24a
 *(.debug_str)
 .debug_str     0x0000000000000000      0x208 /Applications/microchip/mplabx/v6.05/packs/Microchip/ATmega_DFP/3.0.158/xc8/avr/lib/avr5/memx-const/crtatmega328p.o
 .debug_str     0x0000000000000208       0x42 build/default/production/main.o
 .debug_str     0x000000000000024a        0x0 build/default/production/buzzer.o
 .debug_str     0x000000000000024a        0x0 build/default/production/button.o
 .debug_str     0x000000000000024a        0x0 build/default/production/timer1.o
 .debug_str     0x000000000000024a        0x0 build/default/production/uart.o

.debug_loc      0x0000000000000000       0x2e
 *(.debug_loc)
 .debug_loc     0x0000000000000000       0x2e build/default/production/uart.o

.debug_macinfo
 *(.debug_macinfo)

.debug_weaknames
 *(.debug_weaknames)

.debug_funcnames
 *(.debug_funcnames)

.debug_typenames
 *(.debug_typenames)

.debug_varnames
 *(.debug_varnames)

.debug_pubtypes
 *(.debug_pubtypes)

.debug_ranges   0x0000000000000000       0x80
 *(.debug_ranges)
 .debug_ranges  0x0000000000000000       0x20 build/default/production/main.o
 .debug_ranges  0x0000000000000020       0x10 build/default/production/buzzer.o
 .debug_ranges  0x0000000000000030       0x10 build/default/production/button.o
 .debug_ranges  0x0000000000000040       0x10 build/default/production/timer1.o
 .debug_ranges  0x0000000000000050       0x30 build/default/production/uart.o

.debug_macro
 *(.debug_macro)
OUTPUT(dist/default/production/Projekt_IuE_S23.X.production.elf elf32-avr)
LOAD linker stubs
LOAD data_init

.note.gnu.avr.deviceinfo
                0x0000000000000000       0x40
 .note.gnu.avr.deviceinfo
                0x0000000000000000       0x40 /Applications/microchip/mplabx/v6.05/packs/Microchip/ATmega_DFP/3.0.158/xc8/avr/lib/avr5/memx-const/crtatmega328p.o

.bss.overflow_counter
                0x000000000080010c        0x1
 .bss.overflow_counter
                0x000000000080010c        0x1 build/default/production/main.o
                0x000000000080010c                overflow_counter

.bss.commandIndex
                0x000000000080010d        0x1
 .bss.commandIndex
                0x000000000080010d        0x1 build/default/production/uart.o
                0x000000000080010d                commandIndex

.bss.command    0x0000000000800100        0xc
 .bss.command   0x0000000000800100        0xc build/default/production/uart.o
                0x0000000000800100                command

.bss.receivedChar
                0x000000000080010e        0x1
 .bss.receivedChar
                0x000000000080010e        0x1 build/default/production/uart.o
                0x000000000080010e                receivedChar

.progmemx.data  0x00000000000000c2       0x19
 .progmemx.data
                0x00000000000000c2       0x19 build/default/production/uart.o

.text.__vector_18
                0x00000000000000dc       0x9c
 .text.__vector_18
                0x00000000000000dc       0x9c build/default/production/uart.o
                0x00000000000000dc                __vector_18

.text.compareCommand
                0x0000000000000178       0x6c
 .text.compareCommand
                0x0000000000000178       0x6c build/default/production/uart.o
                0x0000000000000178                compareCommand

.text.__vector_13
                0x00000000000001e4       0x4e
 .text.__vector_13
                0x00000000000001e4       0x4e build/default/production/main.o
                0x00000000000001e4                __vector_13

.text.strcmp    0x0000000000000232       0x42
 .text.strcmp   0x0000000000000232       0x42 /Applications/microchip/xc8/v2.41/avr/bin/../lib/gcc/avr/5.4.0/../../../../avr/lib/avr5/memx-const/libc.a(strcmp.o)
                0x0000000000000232                strcmp

.text.__vector_3
                0x0000000000000274       0x36
 .text.__vector_3
                0x0000000000000274       0x36 build/default/production/main.o
                0x0000000000000274                __vector_3

.text.initializeUART
                0x00000000000002aa       0x20
 .text.initializeUART
                0x00000000000002aa       0x20 build/default/production/uart.o
                0x00000000000002aa                initializeUART

.text.initializeButton
                0x00000000000002ca       0x1a
 .text.initializeButton
                0x00000000000002ca       0x1a build/default/production/button.o
                0x00000000000002ca                initializeButton

.text.initializeTimer1
                0x00000000000002e4       0x18
 .text.initializeTimer1
                0x00000000000002e4       0x18 build/default/production/timer1.o
                0x00000000000002e4                initializeTimer1

.text.exit      0x00000000000002fc       0x16
 .text.exit     0x00000000000002fc       0x16 /Applications/microchip/xc8/v2.41/avr/bin/../lib/gcc/avr/5.4.0/../../../../avr/lib/avr5/memx-const/libc.a(exit.o)
                0x00000000000002fc                exit

.text.main      0x0000000000000312       0x14
 .text.main     0x0000000000000312       0x14 build/default/production/main.o
                0x0000000000000312                main

.text           0x0000000000000326        0x4
 .text          0x0000000000000326        0x4 /Applications/microchip/mplabx/v6.05/packs/Microchip/ATmega_DFP/3.0.158/xc8/avr/lib/avr5/memx-const/crtatmega328p.o
                0x0000000000000326                __vector_20
                0x0000000000000326                __vector_1
                0x0000000000000326                __vector_24
                0x0000000000000326                __vector_12
                0x0000000000000326                __bad_interrupt
                0x0000000000000326                __vector_6
                0x0000000000000326                __vector_23
                0x0000000000000326                __vector_25
                0x0000000000000326                __vector_11
                0x0000000000000326                __vector_17
                0x0000000000000326                __vector_19
                0x0000000000000326                __vector_7
                0x0000000000000326                __vector_5
                0x0000000000000326                __vector_4
                0x0000000000000326                __vector_9
                0x0000000000000326                __vector_2
                0x0000000000000326                __vector_21
                0x0000000000000326                __vector_15
                0x0000000000000326                __vector_8
                0x0000000000000326                __vector_14
                0x0000000000000326                __vector_10
                0x0000000000000326                __vector_16
                0x0000000000000326                __vector_22

.text.initializeBuzzer
                0x000000000000032a        0x4
 .text.initializeBuzzer
                0x000000000000032a        0x4 build/default/production/buzzer.o
                0x000000000000032a                initializeBuzzer

.text._Exit     0x000000000000032e        0x4
 .text._Exit    0x000000000000032e        0x4 /Applications/microchip/xc8/v2.41/avr/bin/../lib/gcc/avr/5.4.0/../../../../avr/lib/avr5/memx-const/libc.a(_Exit.o)
                0x000000000000032e                _Exit

.text.__dummy_fini
                0x0000000000000332        0x2
 .text.__dummy_fini
                0x0000000000000332        0x2 /Applications/microchip/xc8/v2.41/avr/bin/../lib/gcc/avr/5.4.0/../../../../avr/lib/avr5/memx-const/libc.a(exit.o)
                0x0000000000000332                _fini

.text.__dummy_funcs_on_exit
                0x0000000000000334        0x2
 .text.__dummy_funcs_on_exit
                0x0000000000000334        0x2 /Applications/microchip/xc8/v2.41/avr/bin/../lib/gcc/avr/5.4.0/../../../../avr/lib/avr5/memx-const/libc.a(exit.o)
                0x0000000000000334                __funcs_on_exit

.text.__dummy_simulator_exit
                0x0000000000000336        0x2
 .text.__dummy_simulator_exit
                0x0000000000000336        0x2 /Applications/microchip/xc8/v2.41/avr/bin/../lib/gcc/avr/5.4.0/../../../../avr/lib/avr5/memx-const/libc.a(exit.o)
                0x0000000000000336                __simulator_exit
